Archive member included to satisfy reference by file (symbol)

d:/armgnu/12.3 rel1/bin/../lib/gcc/arm-none-eabi/12.3.1/thumb/v7-m/nofp\libc_nano.a(libc_a-exit.o)
                              d:/armgnu/12.3 rel1/bin/../lib/gcc/arm-none-eabi/12.3.1/thumb/v7-m/nofp/crt0.o (exit)
d:/armgnu/12.3 rel1/bin/../lib/gcc/arm-none-eabi/12.3.1/thumb/v7-m/nofp\libc_nano.a(libc_a-findfp.o)
                              d:/armgnu/12.3 rel1/bin/../lib/gcc/arm-none-eabi/12.3.1/thumb/v7-m/nofp\libc_nano.a(libc_a-exit.o) (__stdio_exit_handler)
d:/armgnu/12.3 rel1/bin/../lib/gcc/arm-none-eabi/12.3.1/thumb/v7-m/nofp\libc_nano.a(libc_a-fwalk.o)
                              d:/armgnu/12.3 rel1/bin/../lib/gcc/arm-none-eabi/12.3.1/thumb/v7-m/nofp\libc_nano.a(libc_a-findfp.o) (_fwalk_sglue)
d:/armgnu/12.3 rel1/bin/../lib/gcc/arm-none-eabi/12.3.1/thumb/v7-m/nofp\libc_nano.a(libc_a-stdio.o)
                              d:/armgnu/12.3 rel1/bin/../lib/gcc/arm-none-eabi/12.3.1/thumb/v7-m/nofp\libc_nano.a(libc_a-findfp.o) (__sread)
d:/armgnu/12.3 rel1/bin/../lib/gcc/arm-none-eabi/12.3.1/thumb/v7-m/nofp\libc_nano.a(libc_a-memset.o)
                              d:/armgnu/12.3 rel1/bin/../lib/gcc/arm-none-eabi/12.3.1/thumb/v7-m/nofp/crt0.o (memset)
d:/armgnu/12.3 rel1/bin/../lib/gcc/arm-none-eabi/12.3.1/thumb/v7-m/nofp\libc_nano.a(libc_a-closer.o)
                              d:/armgnu/12.3 rel1/bin/../lib/gcc/arm-none-eabi/12.3.1/thumb/v7-m/nofp\libc_nano.a(libc_a-stdio.o) (_close_r)
d:/armgnu/12.3 rel1/bin/../lib/gcc/arm-none-eabi/12.3.1/thumb/v7-m/nofp\libc_nano.a(libc_a-reent.o)
                              d:/armgnu/12.3 rel1/bin/../lib/gcc/arm-none-eabi/12.3.1/thumb/v7-m/nofp\libc_nano.a(libc_a-closer.o) (errno)
d:/armgnu/12.3 rel1/bin/../lib/gcc/arm-none-eabi/12.3.1/thumb/v7-m/nofp\libc_nano.a(libc_a-impure.o)
                              d:/armgnu/12.3 rel1/bin/../lib/gcc/arm-none-eabi/12.3.1/thumb/v7-m/nofp\libc_nano.a(libc_a-reent.o) (_impure_ptr)
d:/armgnu/12.3 rel1/bin/../lib/gcc/arm-none-eabi/12.3.1/thumb/v7-m/nofp\libc_nano.a(libc_a-lseekr.o)
                              d:/armgnu/12.3 rel1/bin/../lib/gcc/arm-none-eabi/12.3.1/thumb/v7-m/nofp\libc_nano.a(libc_a-stdio.o) (_lseek_r)
d:/armgnu/12.3 rel1/bin/../lib/gcc/arm-none-eabi/12.3.1/thumb/v7-m/nofp\libc_nano.a(libc_a-readr.o)
                              d:/armgnu/12.3 rel1/bin/../lib/gcc/arm-none-eabi/12.3.1/thumb/v7-m/nofp\libc_nano.a(libc_a-stdio.o) (_read_r)
d:/armgnu/12.3 rel1/bin/../lib/gcc/arm-none-eabi/12.3.1/thumb/v7-m/nofp\libc_nano.a(libc_a-writer.o)
                              d:/armgnu/12.3 rel1/bin/../lib/gcc/arm-none-eabi/12.3.1/thumb/v7-m/nofp\libc_nano.a(libc_a-stdio.o) (_write_r)
d:/armgnu/12.3 rel1/bin/../lib/gcc/arm-none-eabi/12.3.1/thumb/v7-m/nofp\libc_nano.a(libc_a-init.o)
                              d:/armgnu/12.3 rel1/bin/../lib/gcc/arm-none-eabi/12.3.1/thumb/v7-m/nofp/crt0.o (__libc_init_array)
d:/armgnu/12.3 rel1/bin/../lib/gcc/arm-none-eabi/12.3.1/thumb/v7-m/nofp\libc_nano.a(libc_a-lock.o)
                              d:/armgnu/12.3 rel1/bin/../lib/gcc/arm-none-eabi/12.3.1/thumb/v7-m/nofp\libc_nano.a(libc_a-findfp.o) (__retarget_lock_init_recursive)
d:/armgnu/12.3 rel1/bin/../lib/gcc/arm-none-eabi/12.3.1/thumb/v7-m/nofp\libc_nano.a(libc_a-freer.o)
                              d:/armgnu/12.3 rel1/bin/../lib/gcc/arm-none-eabi/12.3.1/thumb/v7-m/nofp\libc_nano.a(libc_a-reent.o) (_free_r)
d:/armgnu/12.3 rel1/bin/../lib/gcc/arm-none-eabi/12.3.1/thumb/v7-m/nofp\libc_nano.a(libc_a-mallocr.o)
                              d:/armgnu/12.3 rel1/bin/../lib/gcc/arm-none-eabi/12.3.1/thumb/v7-m/nofp\libc_nano.a(libc_a-findfp.o) (_malloc_r)
d:/armgnu/12.3 rel1/bin/../lib/gcc/arm-none-eabi/12.3.1/thumb/v7-m/nofp\libc_nano.a(libc_a-mlock.o)
                              d:/armgnu/12.3 rel1/bin/../lib/gcc/arm-none-eabi/12.3.1/thumb/v7-m/nofp\libc_nano.a(libc_a-freer.o) (__malloc_lock)
d:/armgnu/12.3 rel1/bin/../lib/gcc/arm-none-eabi/12.3.1/thumb/v7-m/nofp\libc_nano.a(libc_a-fflush.o)
                              d:/armgnu/12.3 rel1/bin/../lib/gcc/arm-none-eabi/12.3.1/thumb/v7-m/nofp\libc_nano.a(libc_a-findfp.o) (_fflush_r)
d:/armgnu/12.3 rel1/bin/../lib/gcc/arm-none-eabi/12.3.1/thumb/v7-m/nofp\libc_nano.a(libc_a-sbrkr.o)
                              d:/armgnu/12.3 rel1/bin/../lib/gcc/arm-none-eabi/12.3.1/thumb/v7-m/nofp\libc_nano.a(libc_a-mallocr.o) (_sbrk_r)
d:/armgnu/12.3 rel1/bin/../lib/gcc/arm-none-eabi/12.3.1/thumb/v7-m/nofp\libnosys.a(close.o)
                              d:/armgnu/12.3 rel1/bin/../lib/gcc/arm-none-eabi/12.3.1/thumb/v7-m/nofp\libc_nano.a(libc_a-closer.o) (_close)
d:/armgnu/12.3 rel1/bin/../lib/gcc/arm-none-eabi/12.3.1/thumb/v7-m/nofp\libnosys.a(lseek.o)
                              d:/armgnu/12.3 rel1/bin/../lib/gcc/arm-none-eabi/12.3.1/thumb/v7-m/nofp\libc_nano.a(libc_a-lseekr.o) (_lseek)
d:/armgnu/12.3 rel1/bin/../lib/gcc/arm-none-eabi/12.3.1/thumb/v7-m/nofp\libnosys.a(read.o)
[...]
Memory Configuration

Name             Origin             Length             Attributes
RAM              0x20000000         0x00002800         xrw
FLASH            0x08000000         0x00008000         xr
*default*        0x00000000         0xffffffff

Linker script and memory map

LOAD d:/armgnu/12.3 rel1/bin/../lib/gcc/arm-none-eabi/12.3.1/thumb/v7-m/nofp/crti.o
LOAD d:/armgnu/12.3 rel1/bin/../lib/gcc/arm-none-eabi/12.3.1/thumb/v7-m/nofp/crtbegin.o
LOAD d:/armgnu/12.3 rel1/bin/../lib/gcc/arm-none-eabi/12.3.1/thumb/v7-m/nofp/crt0.o
LOAD build/main.o
LOAD build/software_timer.o
LOAD build/7segmentLED.o
LOAD build/stm32f1xx_it.o
LOAD build/stm32f1xx_hal_msp.o
LOAD build/stm32f1xx_hal_gpio_ex.o
LOAD build/stm32f1xx_hal_tim.o
LOAD build/stm32f1xx_hal_tim_ex.o
LOAD build/stm32f1xx_hal.o
LOAD build/stm32f1xx_hal_rcc.o
LOAD build/stm32f1xx_hal_rcc_ex.o
LOAD build/stm32f1xx_hal_gpio.o
LOAD build/stm32f1xx_hal_dma.o
LOAD build/stm32f1xx_hal_cortex.o
LOAD build/stm32f1xx_hal_pwr.o
LOAD build/stm32f1xx_hal_flash.o
LOAD build/stm32f1xx_hal_flash_ex.o
LOAD build/stm32f1xx_hal_exti.o
LOAD build/system_stm32f1xx.o
LOAD build/startup_stm32f103x6.o
LOAD d:/armgnu/12.3 rel1/bin/../lib/gcc/arm-none-eabi/12.3.1/thumb/v7-m/nofp\libc_nano.a
LOAD d:/armgnu/12.3 rel1/bin/../lib/gcc/arm-none-eabi/12.3.1/thumb/v7-m/nofp\libm.a
LOAD d:/armgnu/12.3 rel1/bin/../lib/gcc/arm-none-eabi/12.3.1/thumb/v7-m/nofp\libnosys.a
START GROUP
LOAD d:/armgnu/12.3 rel1/bin/../lib/gcc/arm-none-eabi/12.3.1/thumb/v7-m/nofp\libgcc.a
LOAD d:/armgnu/12.3 rel1/bin/../lib/gcc/arm-none-eabi/12.3.1/thumb/v7-m/nofp\libc_nano.a
END GROUP
START GROUP
LOAD d:/armgnu/12.3 rel1/bin/../lib/gcc/arm-none-eabi/12.3.1/thumb/v7-m/nofp\libgcc.a
LOAD d:/armgnu/12.3 rel1/bin/../lib/gcc/arm-none-eabi/12.3.1/thumb/v7-m/nofp\libc_nano.a
END GROUP
LOAD d:/armgnu/12.3 rel1/bin/../lib/gcc/arm-none-eabi/12.3.1/thumb/v7-m/nofp/crtend.o
LOAD d:/armgnu/12.3 rel1/bin/../lib/gcc/arm-none-eabi/12.3.1/thumb/v7-m/nofp/crtn.o
                0x20002800                        _estack = (ORIGIN (RAM) + LENGTH (RAM))
                0x00000200                        _Min_Heap_Size = 0x200
                0x00000400                        _Min_Stack_Size = 0x400

.isr_vector     0x08000000      0x10c
                0x08000000                        . = ALIGN (0x4)
 *(.isr_vector)
 .isr_vector    0x08000000      0x10c build/startup_stm32f103x6.o
                0x08000000                g_pfnVectors
                0x0800010c                        . = ALIGN (0x4)

.text           0x0800010c     0x132c
                0x0800010c                        . = ALIGN (0x4)
 *(.text)
 *(.text*)
 .text.deregister_tm_clones
                0x0800010c       0x1c d:/armgnu/12.3 rel1/bin/../lib/gcc/arm-none-eabi/12.3.1/thumb/v7-m/nofp/crtbegin.o
 .text.register_tm_clones
                0x08000128       0x24 d:/armgnu/12.3 rel1/bin/../lib/gcc/arm-none-eabi/12.3.1/thumb/v7-m/nofp/crtbegin.o
 .text.__do_global_dtors_aux
                0x0800014c       0x28 d:/armgnu/12.3 rel1/bin/../lib/gcc/arm-none-eabi/12.3.1/thumb/v7-m/nofp/crtbegin.o
 .text.frame_dummy
                0x08000174       0x24 d:/armgnu/12.3 rel1/bin/../lib/gcc/arm-none-eabi/12.3.1/thumb/v7-m/nofp/crtbegin.o
 .text.MX_GPIO_Init
                0x08000198       0x8c build/main.o
 .text.HAL_TIM_PeriodElapsedCallback
                0x08000224        0x8 build/main.o
                0x08000224                HAL_TIM_PeriodElapsedCallback
 .text.Error_Handler
                0x0800022c        0x4 build/main.o
                0x0800022c                Error_Handler
 .text.MX_TIM2_Init
                0x08000230       0x68 build/main.o
 .text.SystemClock_Config
                0x08000298       0x52 build/main.o
                0x08000298                SystemClock_Config
 *fill*         0x080002ea        0x2 
 .text.main     0x080002ec       0x74 build/main.o
                0x080002ec                main
 .text.setTimer1
                0x08000360       0x14 build/software_timer.o
                0x08000360                setTimer1
 .text.timerRun
                0x08000374       0x24 build/software_timer.o
                0x08000374                timerRun
 .text.displayNumber
                0x08000398       0x54 build/7segmentLED.o
                0x08000398                displayNumber
 .text.clearDisplay7Seg
                0x080003ec       0x50 build/7segmentLED.o
                0x080003ec                clearDisplay7Seg
 .text.display7Seg
                0x0800043c       0x8c build/7segmentLED.o
                0x0800043c                display7Seg
 .text.NMI_Handler
                0x080004c8        0x2 build/stm32f1xx_it.o
                0x080004c8                NMI_Handler
 .text.HardFault_Handler
                0x080004ca        0x2 build/stm32f1xx_it.o
                0x080004ca                HardFault_Handler
 .text.MemManage_Handler
                0x080004cc        0x2 build/stm32f1xx_it.o
                0x080004cc                MemManage_Handler
 .text.BusFault_Handler
                0x080004ce        0x2 build/stm32f1xx_it.o
                0x080004ce                BusFault_Handler
 .text.UsageFault_Handler
                0x080004d0        0x2 build/stm32f1xx_it.o
                0x080004d0                UsageFault_Handler
 .text.SVC_Handler
                0x080004d2        0x2 build/stm32f1xx_it.o
                0x080004d2                SVC_Handler
 .text.DebugMon_Handler
                0x080004d4        0x2 build/stm32f1xx_it.o
                0x080004d4                DebugMon_Handler
 .text.PendSV_Handler
                0x080004d6        0x2 build/stm32f1xx_it.o
                0x080004d6                PendSV_Handler
 .text.SysTick_Handler
                0x080004d8        0x8 build/stm32f1xx_it.o
                0x080004d8                SysTick_Handler
 .text.TIM2_IRQHandler
                0x080004e0       0x10 build/stm32f1xx_it.o
                0x080004e0                TIM2_IRQHandler
 .text.HAL_MspInit
                0x080004f0       0x30 build/stm32f1xx_hal_msp.o
                0x080004f0                HAL_MspInit
 .text.HAL_TIM_Base_MspInit
                0x08000520       0x3a build/stm32f1xx_hal_msp.o
                0x08000520                HAL_TIM_Base_MspInit
 .text.TIM_TI1_ConfigInputStage
                0x0800055a       0x24 build/stm32f1xx_hal_tim.o
 .text.TIM_TI2_ConfigInputStage
                0x0800057e       0x26 build/stm32f1xx_hal_tim.o
 .text.TIM_ITRx_SetConfig
                0x080005a4       0x10 build/stm32f1xx_hal_tim.o
 .text.HAL_TIM_Base_Start_IT
                0x080005b4       0x60 build/stm32f1xx_hal_tim.o
                0x080005b4                HAL_TIM_Base_Start_IT
 .text.HAL_TIM_OC_DelayElapsedCallback
                0x08000614        0x2 build/stm32f1xx_hal_tim.o
                0x08000614                HAL_TIM_OC_DelayElapsedCallback
 .text.HAL_TIM_IC_CaptureCallback
                0x08000616        0x2 build/stm32f1xx_hal_tim.o
                0x08000616                HAL_TIM_IC_CaptureCallback
 .text.HAL_TIM_PWM_PulseFinishedCallback
                0x08000618        0x2 build/stm32f1xx_hal_tim.o
                0x08000618                HAL_TIM_PWM_PulseFinishedCallback
 .text.HAL_TIM_TriggerCallback
                0x0800061a        0x2 build/stm32f1xx_hal_tim.o
                0x0800061a                HAL_TIM_TriggerCallback
 .text.HAL_TIM_IRQHandler
                0x0800061c      0x17a build/stm32f1xx_hal_tim.o
                0x0800061c                HAL_TIM_IRQHandler
 *fill*         0x08000796        0x2 
 .text.TIM_Base_SetConfig
                0x08000798       0x64 build/stm32f1xx_hal_tim.o
                0x08000798                TIM_Base_SetConfig
 .text.HAL_TIM_Base_Init
                0x080007fc       0x58 build/stm32f1xx_hal_tim.o
                0x080007fc                HAL_TIM_Base_Init
 .text.TIM_ETR_SetConfig
                0x08000854       0x18 build/stm32f1xx_hal_tim.o
                0x08000854                TIM_ETR_SetConfig
 .text.HAL_TIM_ConfigClockSource
                0x0800086c       0xfe build/stm32f1xx_hal_tim.o
                0x0800086c                HAL_TIM_ConfigClockSource
 *fill*         0x0800096a        0x2 
 .text.HAL_TIMEx_MasterConfigSynchronization
                0x0800096c       0x64 build/stm32f1xx_hal_tim_ex.o
                0x0800096c                HAL_TIMEx_MasterConfigSynchronization
 .text.HAL_TIMEx_CommutCallback
                0x080009d0        0x2 build/stm32f1xx_hal_tim_ex.o
                0x080009d0                HAL_TIMEx_CommutCallback
 .text.HAL_TIMEx_BreakCallback
                0x080009d2        0x2 build/stm32f1xx_hal_tim_ex.o
                0x080009d2                HAL_TIMEx_BreakCallback
 .text.HAL_InitTick
                0x080009d4       0x4c build/stm32f1xx_hal.o
                0x080009d4                HAL_InitTick
 .text.HAL_Init
                0x08000a20       0x24 build/stm32f1xx_hal.o
                0x08000a20                HAL_Init
 .text.HAL_IncTick
                0x08000a44       0x18 build/stm32f1xx_hal.o
                0x08000a44                HAL_IncTick
 .text.HAL_GetTick
                0x08000a5c        0xc build/stm32f1xx_hal.o
                0x08000a5c                HAL_GetTick
 .text.RCC_Delay
                0x08000a68       0x2c build/stm32f1xx_hal_rcc.o
 .text.HAL_RCC_OscConfig
                0x08000a94      0x410 build/stm32f1xx_hal_rcc.o
                0x08000a94                HAL_RCC_OscConfig
 .text.HAL_RCC_GetSysClockFreq
                0x08000ea4       0x54 build/stm32f1xx_hal_rcc.o
                0x08000ea4                HAL_RCC_GetSysClockFreq
 .text.HAL_RCC_ClockConfig
                0x08000ef8      0x16c build/stm32f1xx_hal_rcc.o
                0x08000ef8                HAL_RCC_ClockConfig
 .text.HAL_GPIO_Init
                0x08001064      0x218 build/stm32f1xx_hal_gpio.o
                0x08001064                HAL_GPIO_Init
 .text.HAL_GPIO_WritePin
                0x0800127c        0xc build/stm32f1xx_hal_gpio.o
                0x0800127c                HAL_GPIO_WritePin
 .text.__NVIC_SetPriority
                0x08001288       0x28 build/stm32f1xx_hal_cortex.o
 .text.NVIC_EncodePriority
                0x080012b0       0x3e build/stm32f1xx_hal_cortex.o
 *fill*         0x080012ee        0x2 
 .text.HAL_NVIC_SetPriorityGrouping
                0x080012f0       0x24 build/stm32f1xx_hal_cortex.o
                0x080012f0                HAL_NVIC_SetPriorityGrouping
 .text.HAL_NVIC_SetPriority
                0x08001314       0x20 build/stm32f1xx_hal_cortex.o
                0x08001314                HAL_NVIC_SetPriority
 .text.HAL_NVIC_EnableIRQ
                0x08001334       0x1c build/stm32f1xx_hal_cortex.o
                0x08001334                HAL_NVIC_EnableIRQ
 .text.HAL_SYSTICK_Config
                0x08001350       0x28 build/stm32f1xx_hal_cortex.o
                0x08001350                HAL_SYSTICK_Config
 .text.SystemInit
                0x08001378        0x2 build/system_stm32f1xx.o
                0x08001378                SystemInit
 *fill*         0x0800137a        0x2 
 .text.Reset_Handler
                0x0800137c       0x48 build/startup_stm32f103x6.o
                0x0800137c                Reset_Handler
 .text.Default_Handler
                0x080013c4        0x2 build/startup_stm32f103x6.o
                0x080013c4                RTC_Alarm_IRQHandler
                0x080013c4                EXTI2_IRQHandler
                0x080013c4                TIM1_CC_IRQHandler
                0x080013c4                PVD_IRQHandler
                0x080013c4                EXTI3_IRQHandler
                0x080013c4                EXTI0_IRQHandler
                0x080013c4                ADC1_2_IRQHandler
                0x080013c4                SPI1_IRQHandler
                0x080013c4                TAMPER_IRQHandler
                0x080013c4                DMA1_Channel4_IRQHandler
                0x080013c4                RTC_IRQHandler
                0x080013c4                DMA1_Channel7_IRQHandler
                0x080013c4                CAN1_RX1_IRQHandler
                0x080013c4                I2C1_EV_IRQHandler
                0x080013c4                DMA1_Channel6_IRQHandler
                0x080013c4                TIM3_IRQHandler
                0x080013c4                RCC_IRQHandler
                0x080013c4                TIM1_TRG_COM_IRQHandler
                0x080013c4                DMA1_Channel1_IRQHandler
                0x080013c4                Default_Handler
                0x080013c4                EXTI15_10_IRQHandler
                0x080013c4                EXTI9_5_IRQHandler
                0x080013c4                DMA1_Channel5_IRQHandler
                0x080013c4                EXTI4_IRQHandler
                0x080013c4                USB_LP_CAN1_RX0_IRQHandler
                0x080013c4                USB_HP_CAN1_TX_IRQHandler
                0x080013c4                DMA1_Channel3_IRQHandler
                0x080013c4                TIM1_UP_IRQHandler
                0x080013c4                WWDG_IRQHandler
                0x080013c4                TIM1_BRK_IRQHandler
                0x080013c4                EXTI1_IRQHandler
                0x080013c4                USART2_IRQHandler
                0x080013c4                DMA1_Channel2_IRQHandler
                0x080013c4                CAN1_SCE_IRQHandler
                0x080013c4                FLASH_IRQHandler
                0x080013c4                USART1_IRQHandler
                0x080013c4                I2C1_ER_IRQHandler
                0x080013c4                USBWakeUp_IRQHandler
 .text.memset   0x080013c6       0x10 d:/armgnu/12.3 rel1/bin/../lib/gcc/arm-none-eabi/12.3.1/thumb/v7-m/nofp\libc_nano.a(libc_a-memset.o)
                0x080013c6                memset
 *fill*         0x080013d6        0x2 
 .text.__libc_init_array
                0x080013d8       0x48 d:/armgnu/12.3 rel1/bin/../lib/gcc/arm-none-eabi/12.3.1/thumb/v7-m/nofp\libc_nano.a(libc_a-init.o)
                0x080013d8                __libc_init_array
 *(.glue_7)
 .glue_7        0x08001420        0x0 linker stubs
 *(.glue_7t)
 .glue_7t       0x08001420        0x0 linker stubs
 *(.eh_frame)
 .eh_frame      0x08001420        0x0 d:/armgnu/12.3 rel1/bin/../lib/gcc/arm-none-eabi/12.3.1/thumb/v7-m/nofp/crtbegin.o
 *(.init)
 .init          0x08001420        0x4 d:/armgnu/12.3 rel1/bin/../lib/gcc/arm-none-eabi/12.3.1/thumb/v7-m/nofp/crti.o
                0x08001420                _init
 .init          0x08001424        0x8 d:/armgnu/12.3 rel1/bin/../lib/gcc/arm-none-eabi/12.3.1/thumb/v7-m/nofp/crtn.o
 *(.fini)
 .fini          0x0800142c        0x4 d:/armgnu/12.3 rel1/bin/../lib/gcc/arm-none-eabi/12.3.1/thumb/v7-m/nofp/crti.o
                0x0800142c                _fini
 .fini          0x08001430        0x8 d:/armgnu/12.3 rel1/bin/../lib/gcc/arm-none-eabi/12.3.1/thumb/v7-m/nofp/crtn.o
                0x08001438                        . = ALIGN (0x4)
                0x08001438                        _etext = .

.vfp11_veneer   0x08001438        0x0
 .vfp11_veneer  0x08001438        0x0 linker stubs

.v4_bx          0x08001438        0x0
 .v4_bx         0x08001438        0x0 linker stubs

.iplt           0x08001438        0x0
 .iplt          0x08001438        0x0 d:/armgnu/12.3 rel1/bin/../lib/gcc/arm-none-eabi/12.3.1/thumb/v7-m/nofp/crtbegin.o

.rodata         0x08001438       0x24
                0x08001438                        . = ALIGN (0x4)
 *(.rodata)
 *(.rodata*)
 .rodata.aPredivFactorTable.0
                0x08001438        0x2 build/stm32f1xx_hal_rcc.o
 *fill*         0x0800143a        0x2 
 .rodata.aPLLMULFactorTable.1
                0x0800143c       0x10 build/stm32f1xx_hal_rcc.o
 .rodata.AHBPrescTable
                0x0800144c       0x10 build/system_stm32f1xx.o
                0x0800144c                AHBPrescTable
                0x0800145c                        . = ALIGN (0x4)

.rel.dyn        0x0800145c        0x0
 .rel.iplt      0x0800145c        0x0 d:/armgnu/12.3 rel1/bin/../lib/gcc/arm-none-eabi/12.3.1/thumb/v7-m/nofp/crtbegin.o

.ARM.extab
 *(.ARM.extab* .gnu.linkonce.armextab.*)

.ARM            0x0800145c        0x0
                0x0800145c                        __exidx_start = .
 *(.ARM.exidx*)
                0x0800145c                        __exidx_end = .

.preinit_array  0x0800145c        0x0
                0x0800145c                        PROVIDE (__preinit_array_start = .)
 *(.preinit_array*)
                0x0800145c                        PROVIDE (__preinit_array_end = .)

.init_array     0x0800145c        0x4
                0x0800145c                        PROVIDE (__init_array_start = .)
 *(SORT_BY_NAME(.init_array.*))
 *(.init_array*)
 .init_array    0x0800145c        0x4 d:/armgnu/12.3 rel1/bin/../lib/gcc/arm-none-eabi/12.3.1/thumb/v7-m/nofp/crtbegin.o
                0x08001460                        PROVIDE (__init_array_end = .)

.fini_array     0x08001460        0x4
                [!provide]                        PROVIDE (__fini_array_start = .)
 *(SORT_BY_NAME(.fini_array.*))
 *(.fini_array*)
 .fini_array    0x08001460        0x4 d:/armgnu/12.3 rel1/bin/../lib/gcc/arm-none-eabi/12.3.1/thumb/v7-m/nofp/crtbegin.o
                [!provide]                        PROVIDE (__fini_array_end = .)
                0x08001464                        _sidata = LOADADDR (.data)

.data           0x20000000      0x108 load address 0x08001464
                0x20000000                        . = ALIGN (0x4)
                0x20000000                        _sdata = .
 *(.data)
 *(.data*)
 .data.num9     0x20000000       0x1c build/7segmentLED.o
                0x20000000                num9
 .data.num7     0x2000001c       0x1c build/7segmentLED.o
                0x2000001c                num7
 .data.num6     0x20000038       0x1c build/7segmentLED.o
                0x20000038                num6
 .data.num5     0x20000054       0x1c build/7segmentLED.o
                0x20000054                num5
 .data.num4     0x20000070       0x1c build/7segmentLED.o
                0x20000070                num4
 .data.num3     0x2000008c       0x1c build/7segmentLED.o
                0x2000008c                num3
 .data.num2     0x200000a8       0x1c build/7segmentLED.o
                0x200000a8                num2
 .data.num1     0x200000c4       0x1c build/7segmentLED.o
                0x200000c4                num1
 .data.num0     0x200000e0       0x1c build/7segmentLED.o
                0x200000e0                num0
 .data.uwTickFreq
                0x200000fc        0x1 build/stm32f1xx_hal.o
                0x200000fc                uwTickFreq
 *fill*         0x200000fd        0x3 
 .data.uwTickPrio
                0x20000100        0x4 build/stm32f1xx_hal.o
                0x20000100                uwTickPrio
 .data.SystemCoreClock
                0x20000104        0x4 build/system_stm32f1xx.o
                0x20000104                SystemCoreClock
                0x20000108                        . = ALIGN (0x4)
                0x20000108                        _edata = .

.tm_clone_table
                0x20000108        0x0 load address 0x0800156c
 .tm_clone_table
                0x20000108        0x0 d:/armgnu/12.3 rel1/bin/../lib/gcc/arm-none-eabi/12.3.1/thumb/v7-m/nofp/crtbegin.o
 .tm_clone_table
                0x20000108        0x0 d:/armgnu/12.3 rel1/bin/../lib/gcc/arm-none-eabi/12.3.1/thumb/v7-m/nofp/crtend.o

.igot.plt       0x20000108        0x0 load address 0x0800156c
 .igot.plt      0x20000108        0x0 d:/armgnu/12.3 rel1/bin/../lib/gcc/arm-none-eabi/12.3.1/thumb/v7-m/nofp/crtbegin.o
                0x20000108                        . = ALIGN (0x4)

.bss            0x20000108       0x8c load address 0x0800156c
                0x20000108                        _sbss = .
                0x20000108                        __bss_start__ = _sbss
 *(.bss)
 *(.bss*)
 .bss.completed.1
                0x20000108        0x1 d:/armgnu/12.3 rel1/bin/../lib/gcc/arm-none-eabi/12.3.1/thumb/v7-m/nofp/crtbegin.o
 *fill*         0x20000109        0x3 
 .bss.object.0  0x2000010c       0x18 d:/armgnu/12.3 rel1/bin/../lib/gcc/arm-none-eabi/12.3.1/thumb/v7-m/nofp/crtbegin.o
 .bss.htim2     0x20000124       0x48 build/main.o
                0x20000124                htim2
 .bss.timer1_flag
                0x2000016c        0x4 build/software_timer.o
                0x2000016c                timer1_flag
 .bss.timer1_counter
                0x20000170        0x4 build/software_timer.o
                0x20000170                timer1_counter
 .bss.num8      0x20000174       0x1c build/7segmentLED.o
                0x20000174                num8
 .bss.uwTick    0x20000190        0x4 build/stm32f1xx_hal.o
                0x20000190                uwTick
 *(COMMON)
                0x20000194                        . = ALIGN (0x4)
                0x20000194                        _ebss = .
                0x20000194                        __bss_end__ = _ebss

._user_heap_stack
                0x20000194      0x604 load address 0x0800156c
                0x20000198                        . = ALIGN (0x8)
 *fill*         0x20000194        0x4 
                0x20000198                        PROVIDE (end = .)
                [!provide]                        PROVIDE (_end = .)
                0x20000398                        . = (. + _Min_Heap_Size)
 *fill*         0x20000198      0x200 
                0x20000798                        . = (. + _Min_Stack_Size)
 *fill*         0x20000398      0x400 
                0x20000798                        . = ALIGN (0x8)

/DISCARD/
 libc.a(*)
 libm.a(*)
 libgcc.a(*)

.ARM.attributes
                0x00000000       0x29
 *(.ARM.attributes)
 .ARM.attributes
                0x00000000       0x1d d:/armgnu/12.3 rel1/bin/../lib/gcc/arm-none-eabi/12.3.1/thumb/v7-m/nofp/crti.o
 .ARM.attributes
                0x0000001d       0x2d d:/armgnu/12.3 rel1/bin/../lib/gcc/arm-none-eabi/12.3.1/thumb/v7-m/nofp/crtbegin.o
 .ARM.attributes
                0x0000004a       0x2d build/main.o
 .ARM.attributes
                0x00000077       0x2d build/software_timer.o
 .ARM.attributes
                0x000000a4       0x2d build/7segmentLED.o
 .ARM.attributes
                0x000000d1       0x2d build/stm32f1xx_it.o
 .ARM.attributes
                0x000000fe       0x2d build/stm32f1xx_hal_msp.o
 .ARM.attributes
                0x0000012b       0x2d build/stm32f1xx_hal_tim.o
 .ARM.attributes
                0x00000158       0x2d build/stm32f1xx_hal_tim_ex.o
 .ARM.attributes
                0x00000185       0x2d build/stm32f1xx_hal.o
 .ARM.attributes
                0x000001b2       0x2d build/stm32f1xx_hal_rcc.o
 .ARM.attributes
                0x000001df       0x2d build/stm32f1xx_hal_gpio.o
 .ARM.attributes
                0x0000020c       0x2d build/stm32f1xx_hal_cortex.o
 .ARM.attributes
                0x00000239       0x2d build/system_stm32f1xx.o
 .ARM.attributes
                0x00000266       0x21 build/startup_stm32f103x6.o
 .ARM.attributes
                0x00000287       0x2d d:/armgnu/12.3 rel1/bin/../lib/gcc/arm-none-eabi/12.3.1/thumb/v7-m/nofp\libc_nano.a(libc_a-memset.o)
 .ARM.attributes
                0x000002b4       0x2d d:/armgnu/12.3 rel1/bin/../lib/gcc/arm-none-eabi/12.3.1/thumb/v7-m/nofp\libc_nano.a(libc_a-init.o)
 .ARM.attributes
                0x000002e1       0x2d d:/armgnu/12.3 rel1/bin/../lib/gcc/arm-none-eabi/12.3.1/thumb/v7-m/nofp/crtend.o
 .ARM.attributes
                0x0000030e       0x1d d:/armgnu/12.3 rel1/bin/../lib/gcc/arm-none-eabi/12.3.1/thumb/v7-m/nofp/crtn.o
OUTPUT(build/LAB2_1.elf elf32-littlearm)
LOAD linker stubs
LOAD d:/armgnu/12.3 rel1/bin/../lib/gcc/arm-none-eabi/12.3.1/thumb/v7-m/nofp\libc.a
LOAD d:/armgnu/12.3 rel1/bin/../lib/gcc/arm-none-eabi/12.3.1/thumb/v7-m/nofp\libm.a
LOAD d:/armgnu/12.3 rel1/bin/../lib/gcc/arm-none-eabi/12.3.1/thumb/v7-m/nofp\libgcc.a

.debug_info     0x00000000     0xaf73
 .debug_info    0x00000000      0xf78 build/main.o
 .debug_info    0x00000f78       0x99 build/software_timer.o
 .debug_info    0x00001011      0x52e build/7segmentLED.o
 .debug_info    0x0000153f      0x7b8 build/stm32f1xx_it.o
 .debug_info    0x00001cf7      0x9cc build/stm32f1xx_hal_msp.o
 .debug_info    0x000026c3     0x40a9 build/stm32f1xx_hal_tim.o
 .debug_info    0x0000676c     0x1d2b build/stm32f1xx_hal_tim_ex.o
 .debug_info    0x00008497      0x862 build/stm32f1xx_hal.o
 .debug_info    0x00008cf9      0xb10 build/stm32f1xx_hal_rcc.o
 .debug_info    0x00009809      0x6d7 build/stm32f1xx_hal_gpio.o
 .debug_info    0x00009ee0      0xdf5 build/stm32f1xx_hal_cortex.o
 .debug_info    0x0000acd5      0x26e build/system_stm32f1xx.o
 .debug_info    0x0000af43       0x30 build/startup_stm32f103x6.o

.debug_abbrev   0x00000000     0x19d9
 .debug_abbrev  0x00000000      0x2de build/main.o
 .debug_abbrev  0x000002de       0x97 build/software_timer.o
 .debug_abbrev  0x00000375      0x16a build/7segmentLED.o
 .debug_abbrev  0x000004df      0x190 build/stm32f1xx_it.o
 .debug_abbrev  0x0000066f      0x1c5 build/stm32f1xx_hal_msp.o
 .debug_abbrev  0x00000834      0x2bd build/stm32f1xx_hal_tim.o
 .debug_abbrev  0x00000af1      0x2b7 build/stm32f1xx_hal_tim_ex.o
 .debug_abbrev  0x00000da8      0x232 build/stm32f1xx_hal.o
 .debug_abbrev  0x00000fda      0x2d6 build/stm32f1xx_hal_rcc.o
 .debug_abbrev  0x000012b0      0x222 build/stm32f1xx_hal_gpio.o
 .debug_abbrev  0x000014d2      0x3aa build/stm32f1xx_hal_cortex.o
 .debug_abbrev  0x0000187c      0x140 build/system_stm32f1xx.o
 .debug_abbrev  0x000019bc       0x1d build/startup_stm32f103x6.o

.debug_loc      0x00000000     0x9915
 .debug_loc     0x00000000      0x14a build/main.o
 .debug_loc     0x0000014a      0x1bc build/7segmentLED.o
 .debug_loc     0x00000306       0x40 build/stm32f1xx_it.o
 .debug_loc     0x00000346       0xeb build/stm32f1xx_hal_msp.o
 .debug_loc     0x00000431     0x5cca build/stm32f1xx_hal_tim.o
 .debug_loc     0x000060fb     0x2117 build/stm32f1xx_hal_tim_ex.o
 .debug_loc     0x00008212      0x1e1 build/stm32f1xx_hal.o
 .debug_loc     0x000083f3      0x790 build/stm32f1xx_hal_rcc.o
 .debug_loc     0x00008b83      0x511 build/stm32f1xx_hal_gpio.o
 .debug_loc     0x00009094      0x782 build/stm32f1xx_hal_cortex.o
 .debug_loc     0x00009816       0xff build/system_stm32f1xx.o

.debug_aranges  0x00000000      0x948
 .debug_aranges
                0x00000000       0x48 build/main.o
 .debug_aranges
                0x00000048       0x28 build/software_timer.o
 .debug_aranges
                0x00000070       0x30 build/7segmentLED.o
 .debug_aranges
                0x000000a0       0x68 build/stm32f1xx_it.o
 .debug_aranges
                0x00000108       0x30 build/stm32f1xx_hal_msp.o
 .debug_aranges
                0x00000138      0x3d0 build/stm32f1xx_hal_tim.o
 .debug_aranges
                0x00000508      0x168 build/stm32f1xx_hal_tim_ex.o
 .debug_aranges
                0x00000670       0xe0 build/stm32f1xx_hal.o
 .debug_aranges
                0x00000750       0x90 build/stm32f1xx_hal_rcc.o
 .debug_aranges
                0x000007e0       0x58 build/stm32f1xx_hal_gpio.o
 .debug_aranges
                0x00000838       0xc0 build/stm32f1xx_hal_cortex.o
 .debug_aranges
                0x000008f8       0x28 build/system_stm32f1xx.o
 .debug_aranges
                0x00000920       0x28 build/startup_stm32f103x6.o

.debug_ranges   0x00000000      0x8a0
 .debug_ranges  0x00000000       0x38 build/main.o
 .debug_ranges  0x00000038       0x18 build/software_timer.o
 .debug_ranges  0x00000050       0x20 build/7segmentLED.o
 .debug_ranges  0x00000070       0x58 build/stm32f1xx_it.o
 .debug_ranges  0x000000c8       0x20 build/stm32f1xx_hal_msp.o
 .debug_ranges  0x000000e8      0x3c0 build/stm32f1xx_hal_tim.o
 .debug_ranges  0x000004a8      0x158 build/stm32f1xx_hal_tim_ex.o
 .debug_ranges  0x00000600       0xd0 build/stm32f1xx_hal.o
 .debug_ranges  0x000006d0       0xa0 build/stm32f1xx_hal_rcc.o
 .debug_ranges  0x00000770       0x48 build/stm32f1xx_hal_gpio.o
 .debug_ranges  0x000007b8       0xb0 build/stm32f1xx_hal_cortex.o
 .debug_ranges  0x00000868       0x18 build/system_stm32f1xx.o
 .debug_ranges  0x00000880       0x20 build/startup_stm32f103x6.o

.debug_line     0x00000000     0x8e18
 .debug_line    0x00000000      0x441 build/main.o
 .debug_line    0x00000441       0xb3 build/software_timer.o
 .debug_line    0x000004f4      0x1c9 build/7segmentLED.o
 .debug_line    0x000006bd      0x291 build/stm32f1xx_it.o
 .debug_line    0x0000094e      0x1fe build/stm32f1xx_hal_msp.o
 .debug_line    0x00000b4c     0x4862 build/stm32f1xx_hal_tim.o
 .debug_line    0x000053ae     0x1bc6 build/stm32f1xx_hal_tim_ex.o
 .debug_line    0x00006f74      0x4d4 build/stm32f1xx_hal.o
 .debug_line    0x00007448      0xbbc build/stm32f1xx_hal_rcc.o
 .debug_line    0x00008004      0x53d build/stm32f1xx_hal_gpio.o
 .debug_line    0x00008541      0x677 build/stm32f1xx_hal_cortex.o
 .debug_line    0x00008bb8      0x1ec build/system_stm32f1xx.o
 .debug_line    0x00008da4       0x74 build/startup_stm32f103x6.o

.debug_str      0x00000000     0x2c16
 .debug_str     0x00000000      0x980 build/main.o
                                0xa3f (size before relaxing)
 .debug_str     0x00000980       0x4c build/software_timer.o
                                 0xf0 (size before relaxing)
 .debug_str     0x000009cc       0x61 build/7segmentLED.o
                                0x226 (size before relaxing)
 .debug_str     0x00000a2d       0xd7 build/stm32f1xx_it.o
                                0x6d2 (size before relaxing)
 .debug_str     0x00000b04      0x340 build/stm32f1xx_hal_msp.o
                                0x97b (size before relaxing)
 .debug_str     0x00000e44      0xe7d build/stm32f1xx_hal_tim.o
                               0x1634 (size before relaxing)
 .debug_str     0x00001cc1      0x4eb build/stm32f1xx_hal_tim_ex.o
                                0xe50 (size before relaxing)
 .debug_str     0x000021ac      0x309 build/stm32f1xx_hal.o
                                0x7b3 (size before relaxing)
 .debug_str     0x000024b5      0x208 build/stm32f1xx_hal_rcc.o
                                0x5ea (size before relaxing)
 .debug_str     0x000026bd      0x147 build/stm32f1xx_hal_gpio.o
                                0x3bf (size before relaxing)
 .debug_str     0x00002804      0x391 build/stm32f1xx_hal_cortex.o
                                0x858 (size before relaxing)
 .debug_str     0x00002b95       0x4f build/system_stm32f1xx.o
                                0x213 (size before relaxing)
 .debug_str     0x00002be4       0x32 build/startup_stm32f103x6.o
                                 0x4a (size before relaxing)

.comment        0x00000000       0x45
 .comment       0x00000000       0x45 build/main.o
                                 0x46 (size before relaxing)
 .comment       0x00000045       0x46 build/software_timer.o
 .comment       0x00000045       0x46 build/7segmentLED.o
 .comment       0x00000045       0x46 build/stm32f1xx_it.o
 .comment       0x00000045       0x46 build/stm32f1xx_hal_msp.o
 .comment       0x00000045       0x46 build/stm32f1xx_hal_tim.o
 .comment       0x00000045       0x46 build/stm32f1xx_hal_tim_ex.o
 .comment       0x00000045       0x46 build/stm32f1xx_hal.o
 .comment       0x00000045       0x46 build/stm32f1xx_hal_rcc.o
 .comment       0x00000045       0x46 build/stm32f1xx_hal_gpio.o
 .comment       0x00000045       0x46 build/stm32f1xx_hal_cortex.o
 .comment       0x00000045       0x46 build/system_stm32f1xx.o

.debug_frame    0x00000000     0x17c8
 .debug_frame   0x00000000       0xb8 build/main.o
 .debug_frame   0x000000b8       0x30 build/software_timer.o
 .debug_frame   0x000000e8       0x5c build/7segmentLED.o
 .debug_frame   0x00000144       0xc0 build/stm32f1xx_it.o
 .debug_frame   0x00000204       0x5c build/stm32f1xx_hal_msp.o
 .debug_frame   0x00000260      0xb14 build/stm32f1xx_hal_tim.o
 .debug_frame   0x00000d74      0x40c build/stm32f1xx_hal_tim_ex.o
 .debug_frame   0x00001180      0x1cc build/stm32f1xx_hal.o
 .debug_frame   0x0000134c      0x184 build/stm32f1xx_hal_rcc.o
 .debug_frame   0x000014d0       0xe0 build/stm32f1xx_hal_gpio.o
 .debug_frame   0x000015b0      0x19c build/stm32f1xx_hal_cortex.o
 .debug_frame   0x0000174c       0x30 build/system_stm32f1xx.o
 .debug_frame   0x0000177c       0x20 d:/armgnu/12.3 rel1/bin/../lib/gcc/arm-none-eabi/12.3.1/thumb/v7-m/nofp\libc_nano.a(libc_a-memset.o)
 .debug_frame   0x0000179c       0x2c d:/armgnu/12.3 rel1/bin/../lib/gcc/arm-none-eabi/12.3.1/thumb/v7-m/nofp\libc_nano.a(libc_a-init.o)

Cross Reference Table

Symbol                                            File
ADC1_2_IRQHandler                                 build/startup_stm32f103x6.o
AHBPrescTable                                     build/system_stm32f1xx.o
                                                  build/stm32f1xx_hal_rcc.o
APBPrescTable                                     build/system_stm32f1xx.o
                                                  build/stm32f1xx_hal_rcc.o
BusFault_Handler                                  build/stm32f1xx_it.o
CAN1_RX1_IRQHandler                               build/startup_stm32f103x6.o
CAN1_SCE_IRQHandler                               build/startup_stm32f103x6.o
DMA1_Channel1_IRQHandler                          build/startup_stm32f103x6.o
DMA1_Channel2_IRQHandler                          build/startup_stm32f103x6.o
DMA1_Channel3_IRQHandler                          build/startup_stm32f103x6.o
DMA1_Channel4_IRQHandler                          build/startup_stm32f103x6.o
DMA1_Channel5_IRQHandler                          build/startup_stm32f103x6.o
DMA1_Channel6_IRQHandler                          build/startup_stm32f103x6.o
DMA1_Channel7_IRQHandler                          build/startup_stm32f103x6.o
DebugMon_Handler                                  build/stm32f1xx_it.o
Default_Handler                                   build/startup_stm32f103x6.o
EXTI0_IRQHandler                                  build/startup_stm32f103x6.o
EXTI15_10_IRQHandler                              build/startup_stm32f103x6.o
EXTI1_IRQHandler                                  build/startup_stm32f103x6.o
EXTI2_IRQHandler                                  build/startup_stm32f103x6.o
EXTI3_IRQHandler                                  build/startup_stm32f103x6.o
EXTI4_IRQHandler                                  build/startup_stm32f103x6.o
EXTI9_5_IRQHandler                                build/startup_stm32f103x6.o
Error_Handler                                     build/main.o
FLASH_IRQHandler                                  build/startup_stm32f103x6.o
FLASH_PageErase                                   build/stm32f1xx_hal_flash_ex.o
                                                  build/stm32f1xx_hal_flash.o
FLASH_WaitForLastOperation                        build/stm32f1xx_hal_flash.o
                                                  build/stm32f1xx_hal_flash_ex.o
HAL_DBGMCU_DisableDBGSleepMode                    build/stm32f1xx_hal.o
HAL_DBGMCU_DisableDBGStandbyMode                  build/stm32f1xx_hal.o
HAL_DBGMCU_DisableDBGStopMode                     build/stm32f1xx_hal.o
HAL_DBGMCU_EnableDBGSleepMode                     build/stm32f1xx_hal.o
HAL_DBGMCU_EnableDBGStandbyMode                   build/stm32f1xx_hal.o
HAL_DBGMCU_EnableDBGStopMode                      build/stm32f1xx_hal.o
HAL_DMA_Abort                                     build/stm32f1xx_hal_dma.o
HAL_DMA_Abort_IT                                  build/stm32f1xx_hal_dma.o
                                                  build/stm32f1xx_hal_tim_ex.o
                                                  build/stm32f1xx_hal_tim.o
HAL_DMA_DeInit                                    build/stm32f1xx_hal_dma.o
HAL_DMA_GetError                                  build/stm32f1xx_hal_dma.o
HAL_DMA_GetState                                  build/stm32f1xx_hal_dma.o
HAL_DMA_IRQHandler                                build/stm32f1xx_hal_dma.o
HAL_DMA_Init                                      build/stm32f1xx_hal_dma.o
HAL_DMA_PollForTransfer                           build/stm32f1xx_hal_dma.o
HAL_DMA_RegisterCallback                          build/stm32f1xx_hal_dma.o
HAL_DMA_Start                                     build/stm32f1xx_hal_dma.o
HAL_DMA_Start_IT                                  build/stm32f1xx_hal_dma.o
                                                  build/stm32f1xx_hal_tim_ex.o
                                                  build/stm32f1xx_hal_tim.o
HAL_DMA_UnRegisterCallback                        build/stm32f1xx_hal_dma.o
HAL_DeInit                                        build/stm32f1xx_hal.o
HAL_Delay                                         build/stm32f1xx_hal.o
HAL_EXTI_ClearConfigLine                          build/stm32f1xx_hal_exti.o
HAL_EXTI_ClearPending                             build/stm32f1xx_hal_exti.o
HAL_EXTI_GenerateSWI                              build/stm32f1xx_hal_exti.o
HAL_EXTI_GetConfigLine                            build/stm32f1xx_hal_exti.o
HAL_EXTI_GetHandle                                build/stm32f1xx_hal_exti.o
HAL_EXTI_GetPending                               build/stm32f1xx_hal_exti.o
HAL_EXTI_IRQHandler                               build/stm32f1xx_hal_exti.o
HAL_EXTI_RegisterCallback                         build/stm32f1xx_hal_exti.o
HAL_EXTI_SetConfigLine                            build/stm32f1xx_hal_exti.o
HAL_FLASHEx_Erase                                 build/stm32f1xx_hal_flash_ex.o
HAL_FLASHEx_Erase_IT                              build/stm32f1xx_hal_flash_ex.o
HAL_FLASHEx_OBErase                               build/stm32f1xx_hal_flash_ex.o
HAL_FLASHEx_OBGetConfig                           build/stm32f1xx_hal_flash_ex.o
HAL_FLASHEx_OBGetUserData                         build/stm32f1xx_hal_flash_ex.o
HAL_FLASHEx_OBProgram                             build/stm32f1xx_hal_flash_ex.o
HAL_FLASH_EndOfOperationCallback                  build/stm32f1xx_hal_flash.o
HAL_FLASH_GetError                                build/stm32f1xx_hal_flash.o
HAL_FLASH_IRQHandler                              build/stm32f1xx_hal_flash.o
HAL_FLASH_Lock                                    build/stm32f1xx_hal_flash.o
HAL_FLASH_OB_Launch                               build/stm32f1xx_hal_flash.o
HAL_FLASH_OB_Lock                                 build/stm32f1xx_hal_flash.o
HAL_FLASH_OB_Unlock                               build/stm32f1xx_hal_flash.o
HAL_FLASH_OperationErrorCallback                  build/stm32f1xx_hal_flash.o
HAL_FLASH_Program                                 build/stm32f1xx_hal_flash.o
HAL_FLASH_Program_IT                              build/stm32f1xx_hal_flash.o
HAL_FLASH_Unlock                                  build/stm32f1xx_hal_flash.o
HAL_GPIOEx_ConfigEventout                         build/stm32f1xx_hal_gpio_ex.o
HAL_GPIOEx_DisableEventout                        build/stm32f1xx_hal_gpio_ex.o
HAL_GPIOEx_EnableEventout                         build/stm32f1xx_hal_gpio_ex.o
HAL_GPIO_DeInit                                   build/stm32f1xx_hal_gpio.o
HAL_GPIO_EXTI_Callback                            build/stm32f1xx_hal_gpio.o
HAL_GPIO_EXTI_IRQHandler                          build/stm32f1xx_hal_gpio.o
HAL_GPIO_Init                                     build/stm32f1xx_hal_gpio.o
                                                  build/stm32f1xx_hal_rcc.o
                                                  build/main.o
HAL_GPIO_LockPin                                  build/stm32f1xx_hal_gpio.o
HAL_GPIO_ReadPin                                  build/stm32f1xx_hal_gpio.o
HAL_GPIO_TogglePin                                build/stm32f1xx_hal_gpio.o
HAL_GPIO_WritePin                                 build/stm32f1xx_hal_gpio.o
                                                  build/7segmentLED.o
                                                  build/main.o
HAL_GetDEVID                                      build/stm32f1xx_hal.o
HAL_GetHalVersion                                 build/stm32f1xx_hal.o
HAL_GetREVID                                      build/stm32f1xx_hal.o
HAL_GetTick                                       build/stm32f1xx_hal.o
                                                  build/stm32f1xx_hal_flash.o
                                                  build/stm32f1xx_hal_dma.o
                                                  build/stm32f1xx_hal_rcc_ex.o
                                                  build/stm32f1xx_hal_rcc.o
HAL_GetTickFreq                                   build/stm32f1xx_hal.o
HAL_GetTickPrio                                   build/stm32f1xx_hal.o
HAL_GetUIDw0                                      build/stm32f1xx_hal.o
HAL_GetUIDw1                                      build/stm32f1xx_hal.o
HAL_GetUIDw2                                      build/stm32f1xx_hal.o
HAL_IncTick                                       build/stm32f1xx_hal.o
                                                  build/stm32f1xx_it.o
HAL_Init                                          build/stm32f1xx_hal.o
                                                  build/main.o
HAL_InitTick                                      build/stm32f1xx_hal.o
                                                  build/stm32f1xx_hal_rcc.o
HAL_MspDeInit                                     build/stm32f1xx_hal.o
HAL_MspInit                                       build/stm32f1xx_hal_msp.o
HAL_NVIC_ClearPendingIRQ                          build/stm32f1xx_hal_cortex.o
HAL_NVIC_DisableIRQ                               build/stm32f1xx_hal_cortex.o
                                                  build/stm32f1xx_hal_msp.o
HAL_NVIC_EnableIRQ                                build/stm32f1xx_hal_cortex.o
                                                  build/stm32f1xx_hal_msp.o
HAL_NVIC_GetActive                                build/stm32f1xx_hal_cortex.o
HAL_NVIC_GetPendingIRQ                            build/stm32f1xx_hal_cortex.o
HAL_NVIC_GetPriority                              build/stm32f1xx_hal_cortex.o
HAL_NVIC_GetPriorityGrouping                      build/stm32f1xx_hal_cortex.o
HAL_NVIC_SetPendingIRQ                            build/stm32f1xx_hal_cortex.o
HAL_NVIC_SetPriority                              build/stm32f1xx_hal_cortex.o
                                                  build/stm32f1xx_hal.o
                                                  build/stm32f1xx_hal_msp.o
HAL_NVIC_SetPriorityGrouping                      build/stm32f1xx_hal_cortex.o
                                                  build/stm32f1xx_hal.o
HAL_NVIC_SystemReset                              build/stm32f1xx_hal_cortex.o
                                                  build/stm32f1xx_hal_flash.o
HAL_PWR_ConfigPVD                                 build/stm32f1xx_hal_pwr.o
HAL_PWR_DeInit                                    build/stm32f1xx_hal_pwr.o
HAL_PWR_DisableBkUpAccess                         build/stm32f1xx_hal_pwr.o
HAL_PWR_DisablePVD                                build/stm32f1xx_hal_pwr.o
HAL_PWR_DisableSEVOnPend                          build/stm32f1xx_hal_pwr.o
HAL_PWR_DisableSleepOnExit                        build/stm32f1xx_hal_pwr.o
HAL_PWR_DisableWakeUpPin                          build/stm32f1xx_hal_pwr.o
HAL_PWR_EnableBkUpAccess                          build/stm32f1xx_hal_pwr.o
HAL_PWR_EnablePVD                                 build/stm32f1xx_hal_pwr.o
HAL_PWR_EnableSEVOnPend                           build/stm32f1xx_hal_pwr.o
HAL_PWR_EnableSleepOnExit                         build/stm32f1xx_hal_pwr.o
HAL_PWR_EnableWakeUpPin                           build/stm32f1xx_hal_pwr.o
HAL_PWR_EnterSLEEPMode                            build/stm32f1xx_hal_pwr.o
HAL_PWR_EnterSTANDBYMode                          build/stm32f1xx_hal_pwr.o
HAL_PWR_EnterSTOPMode                             build/stm32f1xx_hal_pwr.o
HAL_PWR_PVDCallback                               build/stm32f1xx_hal_pwr.o
HAL_PWR_PVD_IRQHandler                            build/stm32f1xx_hal_pwr.o
HAL_RCCEx_GetPeriphCLKConfig                      build/stm32f1xx_hal_rcc_ex.o
HAL_RCCEx_GetPeriphCLKFreq                        build/stm32f1xx_hal_rcc_ex.o
HAL_RCCEx_PeriphCLKConfig                         build/stm32f1xx_hal_rcc_ex.o
HAL_RCC_CSSCallback                               build/stm32f1xx_hal_rcc.o
HAL_RCC_ClockConfig                               build/stm32f1xx_hal_rcc.o
                                                  build/main.o
HAL_RCC_DeInit                                    build/stm32f1xx_hal_rcc.o
HAL_RCC_DisableCSS                                build/stm32f1xx_hal_rcc.o
HAL_RCC_EnableCSS                                 build/stm32f1xx_hal_rcc.o
HAL_RCC_GetClockConfig                            build/stm32f1xx_hal_rcc.o
HAL_RCC_GetHCLKFreq                               build/stm32f1xx_hal_rcc.o
HAL_RCC_GetOscConfig                              build/stm32f1xx_hal_rcc.o
HAL_RCC_GetPCLK1Freq                              build/stm32f1xx_hal_rcc.o
HAL_RCC_GetPCLK2Freq                              build/stm32f1xx_hal_rcc.o
                                                  build/stm32f1xx_hal_rcc_ex.o
HAL_RCC_GetSysClockFreq                           build/stm32f1xx_hal_rcc.o
HAL_RCC_MCOConfig                                 build/stm32f1xx_hal_rcc.o
HAL_RCC_NMI_IRQHandler                            build/stm32f1xx_hal_rcc.o
HAL_RCC_OscConfig                                 build/stm32f1xx_hal_rcc.o
                                                  build/main.o
HAL_ResumeTick                                    build/stm32f1xx_hal.o
HAL_SYSTICK_CLKSourceConfig                       build/stm32f1xx_hal_cortex.o
HAL_SYSTICK_Callback                              build/stm32f1xx_hal_cortex.o
HAL_SYSTICK_Config                                build/stm32f1xx_hal_cortex.o
                                                  build/stm32f1xx_hal.o
HAL_SYSTICK_IRQHandler                            build/stm32f1xx_hal_cortex.o
HAL_SetTickFreq                                   build/stm32f1xx_hal.o
HAL_SuspendTick                                   build/stm32f1xx_hal.o
HAL_TIMEx_BreakCallback                           build/stm32f1xx_hal_tim_ex.o
                                                  build/stm32f1xx_hal_tim.o
HAL_TIMEx_CommutCallback                          build/stm32f1xx_hal_tim_ex.o
                                                  build/stm32f1xx_hal_tim.o
HAL_TIMEx_CommutHalfCpltCallback                  build/stm32f1xx_hal_tim_ex.o
HAL_TIMEx_ConfigBreakDeadTime                     build/stm32f1xx_hal_tim_ex.o
HAL_TIMEx_ConfigCommutEvent                       build/stm32f1xx_hal_tim_ex.o
HAL_TIMEx_ConfigCommutEvent_DMA                   build/stm32f1xx_hal_tim_ex.o
HAL_TIMEx_ConfigCommutEvent_IT                    build/stm32f1xx_hal_tim_ex.o
HAL_TIMEx_GetChannelNState                        build/stm32f1xx_hal_tim_ex.o
HAL_TIMEx_HallSensor_DeInit                       build/stm32f1xx_hal_tim_ex.o
HAL_TIMEx_HallSensor_GetState                     build/stm32f1xx_hal_tim_ex.o
HAL_TIMEx_HallSensor_Init                         build/stm32f1xx_hal_tim_ex.o
HAL_TIMEx_HallSensor_MspDeInit                    build/stm32f1xx_hal_tim_ex.o
HAL_TIMEx_HallSensor_MspInit                      build/stm32f1xx_hal_tim_ex.o
HAL_TIMEx_HallSensor_Start                        build/stm32f1xx_hal_tim_ex.o
HAL_TIMEx_HallSensor_Start_DMA                    build/stm32f1xx_hal_tim_ex.o
HAL_TIMEx_HallSensor_Start_IT                     build/stm32f1xx_hal_tim_ex.o
HAL_TIMEx_HallSensor_Stop                         build/stm32f1xx_hal_tim_ex.o
HAL_TIMEx_HallSensor_Stop_DMA                     build/stm32f1xx_hal_tim_ex.o
HAL_TIMEx_HallSensor_Stop_IT                      build/stm32f1xx_hal_tim_ex.o
HAL_TIMEx_MasterConfigSynchronization             build/stm32f1xx_hal_tim_ex.o
                                                  build/main.o
HAL_TIMEx_OCN_Start                               build/stm32f1xx_hal_tim_ex.o
HAL_TIMEx_OCN_Start_DMA                           build/stm32f1xx_hal_tim_ex.o
HAL_TIMEx_OCN_Start_IT                            build/stm32f1xx_hal_tim_ex.o
HAL_TIMEx_OCN_Stop                                build/stm32f1xx_hal_tim_ex.o
HAL_TIMEx_OCN_Stop_DMA                            build/stm32f1xx_hal_tim_ex.o
HAL_TIMEx_OCN_Stop_IT                             build/stm32f1xx_hal_tim_ex.o
HAL_TIMEx_OnePulseN_Start                         build/stm32f1xx_hal_tim_ex.o
HAL_TIMEx_OnePulseN_Start_IT                      build/stm32f1xx_hal_tim_ex.o
HAL_TIMEx_OnePulseN_Stop                          build/stm32f1xx_hal_tim_ex.o
HAL_TIMEx_OnePulseN_Stop_IT                       build/stm32f1xx_hal_tim_ex.o
HAL_TIMEx_PWMN_Start                              build/stm32f1xx_hal_tim_ex.o
HAL_TIMEx_PWMN_Start_DMA                          build/stm32f1xx_hal_tim_ex.o
HAL_TIMEx_PWMN_Start_IT                           build/stm32f1xx_hal_tim_ex.o
HAL_TIMEx_PWMN_Stop                               build/stm32f1xx_hal_tim_ex.o
HAL_TIMEx_PWMN_Stop_DMA                           build/stm32f1xx_hal_tim_ex.o
HAL_TIMEx_PWMN_Stop_IT                            build/stm32f1xx_hal_tim_ex.o
HAL_TIMEx_RemapConfig                             build/stm32f1xx_hal_tim_ex.o
HAL_TIM_Base_DeInit                               build/stm32f1xx_hal_tim.o
HAL_TIM_Base_GetState                             build/stm32f1xx_hal_tim.o
HAL_TIM_Base_Init                                 build/stm32f1xx_hal_tim.o
                                                  build/main.o
HAL_TIM_Base_MspDeInit                            build/stm32f1xx_hal_msp.o
HAL_TIM_Base_MspInit                              build/stm32f1xx_hal_msp.o
HAL_TIM_Base_Start                                build/stm32f1xx_hal_tim.o
HAL_TIM_Base_Start_DMA                            build/stm32f1xx_hal_tim.o
HAL_TIM_Base_Start_IT                             build/stm32f1xx_hal_tim.o
                                                  build/main.o
HAL_TIM_Base_Stop                                 build/stm32f1xx_hal_tim.o
HAL_TIM_Base_Stop_DMA                             build/stm32f1xx_hal_tim.o
HAL_TIM_Base_Stop_IT                              build/stm32f1xx_hal_tim.o
HAL_TIM_ConfigClockSource                         build/stm32f1xx_hal_tim.o
                                                  build/main.o
HAL_TIM_ConfigOCrefClear                          build/stm32f1xx_hal_tim.o
HAL_TIM_ConfigTI1Input                            build/stm32f1xx_hal_tim.o
HAL_TIM_DMABurstState                             build/stm32f1xx_hal_tim.o
HAL_TIM_DMABurst_MultiReadStart                   build/stm32f1xx_hal_tim.o
HAL_TIM_DMABurst_MultiWriteStart                  build/stm32f1xx_hal_tim.o
HAL_TIM_DMABurst_ReadStart                        build/stm32f1xx_hal_tim.o
HAL_TIM_DMABurst_ReadStop                         build/stm32f1xx_hal_tim.o
HAL_TIM_DMABurst_WriteStart                       build/stm32f1xx_hal_tim.o
HAL_TIM_DMABurst_WriteStop                        build/stm32f1xx_hal_tim.o
HAL_TIM_Encoder_DeInit                            build/stm32f1xx_hal_tim.o
HAL_TIM_Encoder_GetState                          build/stm32f1xx_hal_tim.o
HAL_TIM_Encoder_Init                              build/stm32f1xx_hal_tim.o
HAL_TIM_Encoder_MspDeInit                         build/stm32f1xx_hal_tim.o
HAL_TIM_Encoder_MspInit                           build/stm32f1xx_hal_tim.o
HAL_TIM_Encoder_Start                             build/stm32f1xx_hal_tim.o
HAL_TIM_Encoder_Start_DMA                         build/stm32f1xx_hal_tim.o
HAL_TIM_Encoder_Start_IT                          build/stm32f1xx_hal_tim.o
HAL_TIM_Encoder_Stop                              build/stm32f1xx_hal_tim.o
HAL_TIM_Encoder_Stop_DMA                          build/stm32f1xx_hal_tim.o
HAL_TIM_Encoder_Stop_IT                           build/stm32f1xx_hal_tim.o
HAL_TIM_ErrorCallback                             build/stm32f1xx_hal_tim.o
                                                  build/stm32f1xx_hal_tim_ex.o
HAL_TIM_GenerateEvent                             build/stm32f1xx_hal_tim.o
HAL_TIM_GetActiveChannel                          build/stm32f1xx_hal_tim.o
HAL_TIM_GetChannelState                           build/stm32f1xx_hal_tim.o
HAL_TIM_IC_CaptureCallback                        build/stm32f1xx_hal_tim.o
HAL_TIM_IC_CaptureHalfCpltCallback                build/stm32f1xx_hal_tim.o
HAL_TIM_IC_ConfigChannel                          build/stm32f1xx_hal_tim.o
HAL_TIM_IC_DeInit                                 build/stm32f1xx_hal_tim.o
HAL_TIM_IC_GetState                               build/stm32f1xx_hal_tim.o
HAL_TIM_IC_Init                                   build/stm32f1xx_hal_tim.o
HAL_TIM_IC_MspDeInit                              build/stm32f1xx_hal_tim.o
HAL_TIM_IC_MspInit                                build/stm32f1xx_hal_tim.o
HAL_TIM_IC_Start                                  build/stm32f1xx_hal_tim.o
HAL_TIM_IC_Start_DMA                              build/stm32f1xx_hal_tim.o
HAL_TIM_IC_Start_IT                               build/stm32f1xx_hal_tim.o
HAL_TIM_IC_Stop                                   build/stm32f1xx_hal_tim.o
HAL_TIM_IC_Stop_DMA                               build/stm32f1xx_hal_tim.o
HAL_TIM_IC_Stop_IT                                build/stm32f1xx_hal_tim.o
HAL_TIM_IRQHandler                                build/stm32f1xx_hal_tim.o
                                                  build/stm32f1xx_it.o
HAL_TIM_OC_ConfigChannel                          build/stm32f1xx_hal_tim.o
HAL_TIM_OC_DeInit                                 build/stm32f1xx_hal_tim.o
HAL_TIM_OC_DelayElapsedCallback                   build/stm32f1xx_hal_tim.o
HAL_TIM_OC_GetState                               build/stm32f1xx_hal_tim.o
HAL_TIM_OC_Init                                   build/stm32f1xx_hal_tim.o
HAL_TIM_OC_MspDeInit                              build/stm32f1xx_hal_tim.o
HAL_TIM_OC_MspInit                                build/stm32f1xx_hal_tim.o
HAL_TIM_OC_Start                                  build/stm32f1xx_hal_tim.o
HAL_TIM_OC_Start_DMA                              build/stm32f1xx_hal_tim.o
HAL_TIM_OC_Start_IT                               build/stm32f1xx_hal_tim.o
HAL_TIM_OC_Stop                                   build/stm32f1xx_hal_tim.o
HAL_TIM_OC_Stop_DMA                               build/stm32f1xx_hal_tim.o
HAL_TIM_OC_Stop_IT                                build/stm32f1xx_hal_tim.o
HAL_TIM_OnePulse_ConfigChannel                    build/stm32f1xx_hal_tim.o
HAL_TIM_OnePulse_DeInit                           build/stm32f1xx_hal_tim.o
HAL_TIM_OnePulse_GetState                         build/stm32f1xx_hal_tim.o
HAL_TIM_OnePulse_Init                             build/stm32f1xx_hal_tim.o
HAL_TIM_OnePulse_MspDeInit                        build/stm32f1xx_hal_tim.o
HAL_TIM_OnePulse_MspInit                          build/stm32f1xx_hal_tim.o
HAL_TIM_OnePulse_Start                            build/stm32f1xx_hal_tim.o
HAL_TIM_OnePulse_Start_IT                         build/stm32f1xx_hal_tim.o
HAL_TIM_OnePulse_Stop                             build/stm32f1xx_hal_tim.o
HAL_TIM_OnePulse_Stop_IT                          build/stm32f1xx_hal_tim.o
HAL_TIM_PWM_ConfigChannel                         build/stm32f1xx_hal_tim.o
HAL_TIM_PWM_DeInit                                build/stm32f1xx_hal_tim.o
HAL_TIM_PWM_GetState                              build/stm32f1xx_hal_tim.o
HAL_TIM_PWM_Init                                  build/stm32f1xx_hal_tim.o
HAL_TIM_PWM_MspDeInit                             build/stm32f1xx_hal_tim.o
HAL_TIM_PWM_MspInit                               build/stm32f1xx_hal_tim.o
HAL_TIM_PWM_PulseFinishedCallback                 build/stm32f1xx_hal_tim.o
                                                  build/stm32f1xx_hal_tim_ex.o
HAL_TIM_PWM_PulseFinishedHalfCpltCallback         build/stm32f1xx_hal_tim.o
HAL_TIM_PWM_Start                                 build/stm32f1xx_hal_tim.o
HAL_TIM_PWM_Start_DMA                             build/stm32f1xx_hal_tim.o
HAL_TIM_PWM_Start_IT                              build/stm32f1xx_hal_tim.o
HAL_TIM_PWM_Stop                                  build/stm32f1xx_hal_tim.o
HAL_TIM_PWM_Stop_DMA                              build/stm32f1xx_hal_tim.o
HAL_TIM_PWM_Stop_IT                               build/stm32f1xx_hal_tim.o
HAL_TIM_PeriodElapsedCallback                     build/main.o
HAL_TIM_PeriodElapsedHalfCpltCallback             build/stm32f1xx_hal_tim.o
HAL_TIM_ReadCapturedValue                         build/stm32f1xx_hal_tim.o
HAL_TIM_SlaveConfigSynchro                        build/stm32f1xx_hal_tim.o
HAL_TIM_SlaveConfigSynchro_IT                     build/stm32f1xx_hal_tim.o
HAL_TIM_TriggerCallback                           build/stm32f1xx_hal_tim.o
HAL_TIM_TriggerHalfCpltCallback                   build/stm32f1xx_hal_tim.o
HardFault_Handler                                 build/stm32f1xx_it.o
I2C1_ER_IRQHandler                                build/startup_stm32f103x6.o
I2C1_EV_IRQHandler                                build/startup_stm32f103x6.o
MemManage_Handler                                 build/stm32f1xx_it.o
NMI_Handler                                       build/stm32f1xx_it.o
PVD_IRQHandler                                    build/startup_stm32f103x6.o
PendSV_Handler                                    build/stm32f1xx_it.o
RCC_IRQHandler                                    build/startup_stm32f103x6.o
RTC_Alarm_IRQHandler                              build/startup_stm32f103x6.o
RTC_IRQHandler                                    build/startup_stm32f103x6.o
Reset_Handler                                     build/startup_stm32f103x6.o
SPI1_IRQHandler                                   build/startup_stm32f103x6.o
SVC_Handler                                       build/stm32f1xx_it.o
SysTick_Handler                                   build/stm32f1xx_it.o
SystemClock_Config                                build/main.o
SystemCoreClock                                   build/system_stm32f1xx.o
                                                  build/stm32f1xx_hal_rcc.o
                                                  build/stm32f1xx_hal.o
SystemCoreClockUpdate                             build/system_stm32f1xx.o
SystemInit                                        build/system_stm32f1xx.o
                                                  build/startup_stm32f103x6.o
TAMPER_IRQHandler                                 build/startup_stm32f103x6.o
TIM1_BRK_IRQHandler                               build/startup_stm32f103x6.o
TIM1_CC_IRQHandler                                build/startup_stm32f103x6.o
TIM1_TRG_COM_IRQHandler                           build/startup_stm32f103x6.o
TIM1_UP_IRQHandler                                build/startup_stm32f103x6.o
TIM2_IRQHandler                                   build/stm32f1xx_it.o
TIM3_IRQHandler                                   build/startup_stm32f103x6.o
TIMEx_DMACommutationCplt                          build/stm32f1xx_hal_tim_ex.o
                                                  build/stm32f1xx_hal_tim.o
TIMEx_DMACommutationHalfCplt                      build/stm32f1xx_hal_tim_ex.o
                                                  build/stm32f1xx_hal_tim.o
TIM_Base_SetConfig                                build/stm32f1xx_hal_tim.o
                                                  build/stm32f1xx_hal_tim_ex.o
TIM_CCxChannelCmd                                 build/stm32f1xx_hal_tim.o
                                                  build/stm32f1xx_hal_tim_ex.o
TIM_DMACaptureCplt                                build/stm32f1xx_hal_tim.o
                                                  build/stm32f1xx_hal_tim_ex.o
TIM_DMACaptureHalfCplt                            build/stm32f1xx_hal_tim.o
                                                  build/stm32f1xx_hal_tim_ex.o
TIM_DMADelayPulseHalfCplt                         build/stm32f1xx_hal_tim.o
                                                  build/stm32f1xx_hal_tim_ex.o
TIM_DMAError                                      build/stm32f1xx_hal_tim.o
                                                  build/stm32f1xx_hal_tim_ex.o
TIM_ETR_SetConfig                                 build/stm32f1xx_hal_tim.o
TIM_OC2_SetConfig                                 build/stm32f1xx_hal_tim.o
                                                  build/stm32f1xx_hal_tim_ex.o
TIM_TI1_SetConfig                                 build/stm32f1xx_hal_tim.o
                                                  build/stm32f1xx_hal_tim_ex.o
USART1_IRQHandler                                 build/startup_stm32f103x6.o
USART2_IRQHandler                                 build/startup_stm32f103x6.o
USBWakeUp_IRQHandler                              build/startup_stm32f103x6.o
USB_HP_CAN1_TX_IRQHandler                         build/startup_stm32f103x6.o
USB_LP_CAN1_RX0_IRQHandler                        build/startup_stm32f103x6.o
UsageFault_Handler                                build/stm32f1xx_it.o
WWDG_IRQHandler                                   build/startup_stm32f103x6.o
_ITM_deregisterTMCloneTable                       d:/armgnu/12.3 rel1/bin/../lib/gcc/arm-none-eabi/12.3.1/thumb/v7-m/nofp/crtbegin.o
_ITM_registerTMCloneTable                         d:/armgnu/12.3 rel1/bin/../lib/gcc/arm-none-eabi/12.3.1/thumb/v7-m/nofp/crtbegin.o
__TMC_END__                                       d:/armgnu/12.3 rel1/bin/../lib/gcc/arm-none-eabi/12.3.1/thumb/v7-m/nofp/crtend.o
                                                  d:/armgnu/12.3 rel1/bin/../lib/gcc/arm-none-eabi/12.3.1/thumb/v7-m/nofp/crtbegin.o
__bss_end__                                       d:/armgnu/12.3 rel1/bin/../lib/gcc/arm-none-eabi/12.3.1/thumb/v7-m/nofp/crt0.o
__bss_start__                                     d:/armgnu/12.3 rel1/bin/../lib/gcc/arm-none-eabi/12.3.1/thumb/v7-m/nofp/crt0.o
__call_exitprocs                                  d:/armgnu/12.3 rel1/bin/../lib/gcc/arm-none-eabi/12.3.1/thumb/v7-m/nofp\libc_nano.a(libc_a-exit.o)
__deregister_frame_info                           d:/armgnu/12.3 rel1/bin/../lib/gcc/arm-none-eabi/12.3.1/thumb/v7-m/nofp/crtbegin.o
__dso_handle                                      d:/armgnu/12.3 rel1/bin/../lib/gcc/arm-none-eabi/12.3.1/thumb/v7-m/nofp/crtbegin.o
__fp_lock_all                                     d:/armgnu/12.3 rel1/bin/../lib/gcc/arm-none-eabi/12.3.1/thumb/v7-m/nofp\libc_nano.a(libc_a-findfp.o)
__fp_unlock_all                                   d:/armgnu/12.3 rel1/bin/../lib/gcc/arm-none-eabi/12.3.1/thumb/v7-m/nofp\libc_nano.a(libc_a-findfp.o)
__init_array_end                                  d:/armgnu/12.3 rel1/bin/../lib/gcc/arm-none-eabi/12.3.1/thumb/v7-m/nofp\libc_nano.a(libc_a-init.o)
__init_array_start                                d:/armgnu/12.3 rel1/bin/../lib/gcc/arm-none-eabi/12.3.1/thumb/v7-m/nofp\libc_nano.a(libc_a-init.o)
__libc_fini_array                                 d:/armgnu/12.3 rel1/bin/../lib/gcc/arm-none-eabi/12.3.1/thumb/v7-m/nofp/crt0.o
__libc_init_array                                 d:/armgnu/12.3 rel1/bin/../lib/gcc/arm-none-eabi/12.3.1/thumb/v7-m/nofp\libc_nano.a(libc_a-init.o)
                                                  build/startup_stm32f103x6.o
                                                  d:/armgnu/12.3 rel1/bin/../lib/gcc/arm-none-eabi/12.3.1/thumb/v7-m/nofp/crt0.o
__lock___arc4random_mutex                         d:/armgnu/12.3 rel1/bin/../lib/gcc/arm-none-eabi/12.3.1/thumb/v7-m/nofp\libc_nano.a(libc_a-lock.o)
__lock___at_quick_exit_mutex                      d:/armgnu/12.3 rel1/bin/../lib/gcc/arm-none-eabi/12.3.1/thumb/v7-m/nofp\libc_nano.a(libc_a-lock.o)
__lock___atexit_recursive_mutex                   d:/armgnu/12.3 rel1/bin/../lib/gcc/arm-none-eabi/12.3.1/thumb/v7-m/nofp\libc_nano.a(libc_a-lock.o)
__lock___dd_hash_mutex                            d:/armgnu/12.3 rel1/bin/../lib/gcc/arm-none-eabi/12.3.1/thumb/v7-m/nofp\libc_nano.a(libc_a-lock.o)
__lock___env_recursive_mutex                      d:/armgnu/12.3 rel1/bin/../lib/gcc/arm-none-eabi/12.3.1/thumb/v7-m/nofp\libc_nano.a(libc_a-lock.o)
__lock___malloc_recursive_mutex                   d:/armgnu/12.3 rel1/bin/../lib/gcc/arm-none-eabi/12.3.1/thumb/v7-m/nofp\libc_nano.a(libc_a-lock.o)
                                                  d:/armgnu/12.3 rel1/bin/../lib/gcc/arm-none-eabi/12.3.1/thumb/v7-m/nofp\libc_nano.a(libc_a-mlock.o)
__lock___sfp_recursive_mutex                      d:/armgnu/12.3 rel1/bin/../lib/gcc/arm-none-eabi/12.3.1/thumb/v7-m/nofp\libc_nano.a(libc_a-lock.o)
                                                  d:/armgnu/12.3 rel1/bin/../lib/gcc/arm-none-eabi/12.3.1/thumb/v7-m/nofp\libc_nano.a(libc_a-findfp.o)
__lock___tz_mutex                                 d:/armgnu/12.3 rel1/bin/../lib/gcc/arm-none-eabi/12.3.1/thumb/v7-m/nofp\libc_nano.a(libc_a-lock.o)
__malloc_free_list                                d:/armgnu/12.3 rel1/bin/../lib/gcc/arm-none-eabi/12.3.1/thumb/v7-m/nofp\libc_nano.a(libc_a-mallocr.o)
                                                  d:/armgnu/12.3 rel1/bin/../lib/gcc/arm-none-eabi/12.3.1/thumb/v7-m/nofp\libc_nano.a(libc_a-freer.o)
__malloc_lock                                     d:/armgnu/12.3 rel1/bin/../lib/gcc/arm-none-eabi/12.3.1/thumb/v7-m/nofp\libc_nano.a(libc_a-mlock.o)
                                                  d:/armgnu/12.3 rel1/bin/../lib/gcc/arm-none-eabi/12.3.1/thumb/v7-m/nofp\libc_nano.a(libc_a-mallocr.o)
                                                  d:/armgnu/12.3 rel1/bin/../lib/gcc/arm-none-eabi/12.3.1/thumb/v7-m/nofp\libc_nano.a(libc_a-freer.o)
__malloc_sbrk_start                               d:/armgnu/12.3 rel1/bin/../lib/gcc/arm-none-eabi/12.3.1/thumb/v7-m/nofp\libc_nano.a(libc_a-mallocr.o)
__malloc_unlock                                   d:/armgnu/12.3 rel1/bin/../lib/gcc/arm-none-eabi/12.3.1/thumb/v7-m/nofp\libc_nano.a(libc_a-mlock.o)
                                                  d:/armgnu/12.3 rel1/bin/../lib/gcc/arm-none-eabi/12.3.1/thumb/v7-m/nofp\libc_nano.a(libc_a-mallocr.o)
                                                  d:/armgnu/12.3 rel1/bin/../lib/gcc/arm-none-eabi/12.3.1/thumb/v7-m/nofp\libc_nano.a(libc_a-freer.o)
__preinit_array_end                               d:/armgnu/12.3 rel1/bin/../lib/gcc/arm-none-eabi/12.3.1/thumb/v7-m/nofp\libc_nano.a(libc_a-init.o)
__preinit_array_start                             d:/armgnu/12.3 rel1/bin/../lib/gcc/arm-none-eabi/12.3.1/thumb/v7-m/nofp\libc_nano.a(libc_a-init.o)
__register_frame_info                             d:/armgnu/12.3 rel1/bin/../lib/gcc/arm-none-eabi/12.3.1/thumb/v7-m/nofp/crtbegin.o
__retarget_lock_acquire                           d:/armgnu/12.3 rel1/bin/../lib/gcc/arm-none-eabi/12.3.1/thumb/v7-m/nofp\libc_nano.a(libc_a-lock.o)
__retarget_lock_acquire_recursive                 d:/armgnu/12.3 rel1/bin/../lib/gcc/arm-none-eabi/12.3.1/thumb/v7-m/nofp\libc_nano.a(libc_a-lock.o)
                                                  d:/armgnu/12.3 rel1/bin/../lib/gcc/arm-none-eabi/12.3.1/thumb/v7-m/nofp\libc_nano.a(libc_a-fflush.o)
                                                  d:/armgnu/12.3 rel1/bin/../lib/gcc/arm-none-eabi/12.3.1/thumb/v7-m/nofp\libc_nano.a(libc_a-mlock.o)
                                                  d:/armgnu/12.3 rel1/bin/../lib/gcc/arm-none-eabi/12.3.1/thumb/v7-m/nofp\libc_nano.a(libc_a-findfp.o)
__retarget_lock_close                             d:/armgnu/12.3 rel1/bin/../lib/gcc/arm-none-eabi/12.3.1/thumb/v7-m/nofp\libc_nano.a(libc_a-lock.o)
__retarget_lock_close_recursive                   d:/armgnu/12.3 rel1/bin/../lib/gcc/arm-none-eabi/12.3.1/thumb/v7-m/nofp\libc_nano.a(libc_a-lock.o)
__retarget_lock_init                              d:/armgnu/12.3 rel1/bin/../lib/gcc/arm-none-eabi/12.3.1/thumb/v7-m/nofp\libc_nano.a(libc_a-lock.o)
__retarget_lock_init_recursive                    d:/armgnu/12.3 rel1/bin/../lib/gcc/arm-none-eabi/12.3.1/thumb/v7-m/nofp\libc_nano.a(libc_a-lock.o)
                                                  d:/armgnu/12.3 rel1/bin/../lib/gcc/arm-none-eabi/12.3.1/thumb/v7-m/nofp\libc_nano.a(libc_a-findfp.o)
__retarget_lock_release                           d:/armgnu/12.3 rel1/bin/../lib/gcc/arm-none-eabi/12.3.1/thumb/v7-m/nofp\libc_nano.a(libc_a-lock.o)
__retarget_lock_release_recursive                 d:/armgnu/12.3 rel1/bin/../lib/gcc/arm-none-eabi/12.3.1/thumb/v7-m/nofp\libc_nano.a(libc_a-lock.o)
                                                  d:/armgnu/12.3 rel1/bin/../lib/gcc/arm-none-eabi/12.3.1/thumb/v7-m/nofp\libc_nano.a(libc_a-fflush.o)
                                                  d:/armgnu/12.3 rel1/bin/../lib/gcc/arm-none-eabi/12.3.1/thumb/v7-m/nofp\libc_nano.a(libc_a-mlock.o)
                                                  d:/armgnu/12.3 rel1/bin/../lib/gcc/arm-none-eabi/12.3.1/thumb/v7-m/nofp\libc_nano.a(libc_a-findfp.o)
__retarget_lock_try_acquire                       d:/armgnu/12.3 rel1/bin/../lib/gcc/arm-none-eabi/12.3.1/thumb/v7-m/nofp\libc_nano.a(libc_a-lock.o)
__retarget_lock_try_acquire_recursive             d:/armgnu/12.3 rel1/bin/../lib/gcc/arm-none-eabi/12.3.1/thumb/v7-m/nofp\libc_nano.a(libc_a-lock.o)
__sclose                                          d:/armgnu/12.3 rel1/bin/../lib/gcc/arm-none-eabi/12.3.1/thumb/v7-m/nofp\libc_nano.a(libc_a-stdio.o)
                                                  d:/armgnu/12.3 rel1/bin/../lib/gcc/arm-none-eabi/12.3.1/thumb/v7-m/nofp\libc_nano.a(libc_a-findfp.o)
__seofread                                        d:/armgnu/12.3 rel1/bin/../lib/gcc/arm-none-eabi/12.3.1/thumb/v7-m/nofp\libc_nano.a(libc_a-stdio.o)
__sf                                              d:/armgnu/12.3 rel1/bin/../lib/gcc/arm-none-eabi/12.3.1/thumb/v7-m/nofp\libc_nano.a(libc_a-findfp.o)
                                                  d:/armgnu/12.3 rel1/bin/../lib/gcc/arm-none-eabi/12.3.1/thumb/v7-m/nofp\libc_nano.a(libc_a-impure.o)
__sflush_r                                        d:/armgnu/12.3 rel1/bin/../lib/gcc/arm-none-eabi/12.3.1/thumb/v7-m/nofp\libc_nano.a(libc_a-fflush.o)
__sfp                                             d:/armgnu/12.3 rel1/bin/../lib/gcc/arm-none-eabi/12.3.1/thumb/v7-m/nofp\libc_nano.a(libc_a-findfp.o)
__sfp_lock_acquire                                d:/armgnu/12.3 rel1/bin/../lib/gcc/arm-none-eabi/12.3.1/thumb/v7-m/nofp\libc_nano.a(libc_a-findfp.o)
__sfp_lock_release                                d:/armgnu/12.3 rel1/bin/../lib/gcc/arm-none-eabi/12.3.1/thumb/v7-m/nofp\libc_nano.a(libc_a-findfp.o)
__sglue                                           d:/armgnu/12.3 rel1/bin/../lib/gcc/arm-none-eabi/12.3.1/thumb/v7-m/nofp\libc_nano.a(libc_a-findfp.o)
                                                  d:/armgnu/12.3 rel1/bin/../lib/gcc/arm-none-eabi/12.3.1/thumb/v7-m/nofp\libc_nano.a(libc_a-fflush.o)
__sinit                                           d:/armgnu/12.3 rel1/bin/../lib/gcc/arm-none-eabi/12.3.1/thumb/v7-m/nofp\libc_nano.a(libc_a-findfp.o)
                                                  d:/armgnu/12.3 rel1/bin/../lib/gcc/arm-none-eabi/12.3.1/thumb/v7-m/nofp\libc_nano.a(libc_a-fflush.o)
__sread                                           d:/armgnu/12.3 rel1/bin/../lib/gcc/arm-none-eabi/12.3.1/thumb/v7-m/nofp\libc_nano.a(libc_a-stdio.o)
                                                  d:/armgnu/12.3 rel1/bin/../lib/gcc/arm-none-eabi/12.3.1/thumb/v7-m/nofp\libc_nano.a(libc_a-findfp.o)
__sseek                                           d:/armgnu/12.3 rel1/bin/../lib/gcc/arm-none-eabi/12.3.1/thumb/v7-m/nofp\libc_nano.a(libc_a-stdio.o)
                                                  d:/armgnu/12.3 rel1/bin/../lib/gcc/arm-none-eabi/12.3.1/thumb/v7-m/nofp\libc_nano.a(libc_a-findfp.o)
__stack                                           d:/armgnu/12.3 rel1/bin/../lib/gcc/arm-none-eabi/12.3.1/thumb/v7-m/nofp/crt0.o
__stdio_exit_handler                              d:/armgnu/12.3 rel1/bin/../lib/gcc/arm-none-eabi/12.3.1/thumb/v7-m/nofp\libc_nano.a(libc_a-findfp.o)
                                                  d:/armgnu/12.3 rel1/bin/../lib/gcc/arm-none-eabi/12.3.1/thumb/v7-m/nofp\libc_nano.a(libc_a-exit.o)
__swrite                                          d:/armgnu/12.3 rel1/bin/../lib/gcc/arm-none-eabi/12.3.1/thumb/v7-m/nofp\libc_nano.a(libc_a-stdio.o)
                                                  d:/armgnu/12.3 rel1/bin/../lib/gcc/arm-none-eabi/12.3.1/thumb/v7-m/nofp\libc_nano.a(libc_a-findfp.o)
_close                                            d:/armgnu/12.3 rel1/bin/../lib/gcc/arm-none-eabi/12.3.1/thumb/v7-m/nofp\libnosys.a(close.o)
                                                  d:/armgnu/12.3 rel1/bin/../lib/gcc/arm-none-eabi/12.3.1/thumb/v7-m/nofp\libc_nano.a(libc_a-closer.o)
_close_r                                          d:/armgnu/12.3 rel1/bin/../lib/gcc/arm-none-eabi/12.3.1/thumb/v7-m/nofp\libc_nano.a(libc_a-closer.o)
                                                  d:/armgnu/12.3 rel1/bin/../lib/gcc/arm-none-eabi/12.3.1/thumb/v7-m/nofp\libc_nano.a(libc_a-stdio.o)
_ebss                                             build/startup_stm32f103x6.o
_edata                                            build/startup_stm32f103x6.o
_estack                                           build/startup_stm32f103x6.o
_exit                                             d:/armgnu/12.3 rel1/bin/../lib/gcc/arm-none-eabi/12.3.1/thumb/v7-m/nofp\libnosys.a(_exit.o)
                                                  d:/armgnu/12.3 rel1/bin/../lib/gcc/arm-none-eabi/12.3.1/thumb/v7-m/nofp\libc_nano.a(libc_a-exit.o)
_fflush_r                                         d:/armgnu/12.3 rel1/bin/../lib/gcc/arm-none-eabi/12.3.1/thumb/v7-m/nofp\libc_nano.a(libc_a-fflush.o)
                                                  d:/armgnu/12.3 rel1/bin/../lib/gcc/arm-none-eabi/12.3.1/thumb/v7-m/nofp\libc_nano.a(libc_a-findfp.o)
_fini                                             d:/armgnu/12.3 rel1/bin/../lib/gcc/arm-none-eabi/12.3.1/thumb/v7-m/nofp/crti.o
_free_r                                           d:/armgnu/12.3 rel1/bin/../lib/gcc/arm-none-eabi/12.3.1/thumb/v7-m/nofp\libc_nano.a(libc_a-freer.o)
                                                  d:/armgnu/12.3 rel1/bin/../lib/gcc/arm-none-eabi/12.3.1/thumb/v7-m/nofp\libc_nano.a(libc_a-fflush.o)
                                                  d:/armgnu/12.3 rel1/bin/../lib/gcc/arm-none-eabi/12.3.1/thumb/v7-m/nofp\libc_nano.a(libc_a-reent.o)
_fwalk_sglue                                      d:/armgnu/12.3 rel1/bin/../lib/gcc/arm-none-eabi/12.3.1/thumb/v7-m/nofp\libc_nano.a(libc_a-fwalk.o)
                                                  d:/armgnu/12.3 rel1/bin/../lib/gcc/arm-none-eabi/12.3.1/thumb/v7-m/nofp\libc_nano.a(libc_a-fflush.o)
                                                  d:/armgnu/12.3 rel1/bin/../lib/gcc/arm-none-eabi/12.3.1/thumb/v7-m/nofp\libc_nano.a(libc_a-findfp.o)
_impure_data                                      d:/armgnu/12.3 rel1/bin/../lib/gcc/arm-none-eabi/12.3.1/thumb/v7-m/nofp\libc_nano.a(libc_a-impure.o)
                                                  d:/armgnu/12.3 rel1/bin/../lib/gcc/arm-none-eabi/12.3.1/thumb/v7-m/nofp\libc_nano.a(libc_a-fflush.o)
                                                  d:/armgnu/12.3 rel1/bin/../lib/gcc/arm-none-eabi/12.3.1/thumb/v7-m/nofp\libc_nano.a(libc_a-findfp.o)
_impure_ptr                                       d:/armgnu/12.3 rel1/bin/../lib/gcc/arm-none-eabi/12.3.1/thumb/v7-m/nofp\libc_nano.a(libc_a-impure.o)
                                                  d:/armgnu/12.3 rel1/bin/../lib/gcc/arm-none-eabi/12.3.1/thumb/v7-m/nofp\libc_nano.a(libc_a-fflush.o)
                                                  d:/armgnu/12.3 rel1/bin/../lib/gcc/arm-none-eabi/12.3.1/thumb/v7-m/nofp\libc_nano.a(libc_a-reent.o)
_init                                             d:/armgnu/12.3 rel1/bin/../lib/gcc/arm-none-eabi/12.3.1/thumb/v7-m/nofp/crti.o
                                                  d:/armgnu/12.3 rel1/bin/../lib/gcc/arm-none-eabi/12.3.1/thumb/v7-m/nofp\libc_nano.a(libc_a-init.o)
_lseek                                            d:/armgnu/12.3 rel1/bin/../lib/gcc/arm-none-eabi/12.3.1/thumb/v7-m/nofp\libnosys.a(lseek.o)
                                                  d:/armgnu/12.3 rel1/bin/../lib/gcc/arm-none-eabi/12.3.1/thumb/v7-m/nofp\libc_nano.a(libc_a-lseekr.o)
_lseek_r                                          d:/armgnu/12.3 rel1/bin/../lib/gcc/arm-none-eabi/12.3.1/thumb/v7-m/nofp\libc_nano.a(libc_a-lseekr.o)
                                                  d:/armgnu/12.3 rel1/bin/../lib/gcc/arm-none-eabi/12.3.1/thumb/v7-m/nofp\libc_nano.a(libc_a-stdio.o)
_mainCRTStartup                                   d:/armgnu/12.3 rel1/bin/../lib/gcc/arm-none-eabi/12.3.1/thumb/v7-m/nofp/crt0.o
_malloc_r                                         d:/armgnu/12.3 rel1/bin/../lib/gcc/arm-none-eabi/12.3.1/thumb/v7-m/nofp\libc_nano.a(libc_a-mallocr.o)
                                                  d:/armgnu/12.3 rel1/bin/../lib/gcc/arm-none-eabi/12.3.1/thumb/v7-m/nofp\libc_nano.a(libc_a-findfp.o)
_read                                             d:/armgnu/12.3 rel1/bin/../lib/gcc/arm-none-eabi/12.3.1/thumb/v7-m/nofp\libnosys.a(read.o)
                                                  d:/armgnu/12.3 rel1/bin/../lib/gcc/arm-none-eabi/12.3.1/thumb/v7-m/nofp\libc_nano.a(libc_a-readr.o)
_read_r                                           d:/armgnu/12.3 rel1/bin/../lib/gcc/arm-none-eabi/12.3.1/thumb/v7-m/nofp\libc_nano.a(libc_a-readr.o)
                                                  d:/armgnu/12.3 rel1/bin/../lib/gcc/arm-none-eabi/12.3.1/thumb/v7-m/nofp\libc_nano.a(libc_a-stdio.o)
_reclaim_reent                                    d:/armgnu/12.3 rel1/bin/../lib/gcc/arm-none-eabi/12.3.1/thumb/v7-m/nofp\libc_nano.a(libc_a-reent.o)
_sbrk                                             d:/armgnu/12.3 rel1/bin/../lib/gcc/arm-none-eabi/12.3.1/thumb/v7-m/nofp\libnosys.a(sbrk.o)
                                                  d:/armgnu/12.3 rel1/bin/../lib/gcc/arm-none-eabi/12.3.1/thumb/v7-m/nofp\libc_nano.a(libc_a-sbrkr.o)
_sbrk_r                                           d:/armgnu/12.3 rel1/bin/../lib/gcc/arm-none-eabi/12.3.1/thumb/v7-m/nofp\libc_nano.a(libc_a-sbrkr.o)
                                                  d:/armgnu/12.3 rel1/bin/../lib/gcc/arm-none-eabi/12.3.1/thumb/v7-m/nofp\libc_nano.a(libc_a-mallocr.o)
_sbss                                             build/startup_stm32f103x6.o
_sdata                                            build/startup_stm32f103x6.o
_sidata                                           build/startup_stm32f103x6.o
_stack_init                                       d:/armgnu/12.3 rel1/bin/../lib/gcc/arm-none-eabi/12.3.1/thumb/v7-m/nofp/crt0.o
_start                                            d:/armgnu/12.3 rel1/bin/../lib/gcc/arm-none-eabi/12.3.1/thumb/v7-m/nofp/crt0.o
_write                                            d:/armgnu/12.3 rel1/bin/../lib/gcc/arm-none-eabi/12.3.1/thumb/v7-m/nofp\libnosys.a(write.o)
                                                  d:/armgnu/12.3 rel1/bin/../lib/gcc/arm-none-eabi/12.3.1/thumb/v7-m/nofp\libc_nano.a(libc_a-writer.o)
_write_r                                          d:/armgnu/12.3 rel1/bin/../lib/gcc/arm-none-eabi/12.3.1/thumb/v7-m/nofp\libc_nano.a(libc_a-writer.o)
                                                  d:/armgnu/12.3 rel1/bin/../lib/gcc/arm-none-eabi/12.3.1/thumb/v7-m/nofp\libc_nano.a(libc_a-stdio.o)
atexit                                            d:/armgnu/12.3 rel1/bin/../lib/gcc/arm-none-eabi/12.3.1/thumb/v7-m/nofp/crt0.o
clearDisplay7Seg                                  build/7segmentLED.o
                                                  build/main.o
display7Seg                                       build/7segmentLED.o
                                                  build/main.o
displayNumber                                     build/7segmentLED.o
end                                               d:/armgnu/12.3 rel1/bin/../lib/gcc/arm-none-eabi/12.3.1/thumb/v7-m/nofp\libnosys.a(sbrk.o)
errno                                             d:/armgnu/12.3 rel1/bin/../lib/gcc/arm-none-eabi/12.3.1/thumb/v7-m/nofp\libc_nano.a(libc_a-reent.o)
                                                  d:/armgnu/12.3 rel1/bin/../lib/gcc/arm-none-eabi/12.3.1/thumb/v7-m/nofp\libnosys.a(write.o)
                                                  d:/armgnu/12.3 rel1/bin/../lib/gcc/arm-none-eabi/12.3.1/thumb/v7-m/nofp\libnosys.a(read.o)
                                                  d:/armgnu/12.3 rel1/bin/../lib/gcc/arm-none-eabi/12.3.1/thumb/v7-m/nofp\libnosys.a(lseek.o)
                                                  d:/armgnu/12.3 rel1/bin/../lib/gcc/arm-none-eabi/12.3.1/thumb/v7-m/nofp\libnosys.a(close.o)
                                                  d:/armgnu/12.3 rel1/bin/../lib/gcc/arm-none-eabi/12.3.1/thumb/v7-m/nofp\libc_nano.a(libc_a-sbrkr.o)
                                                  d:/armgnu/12.3 rel1/bin/../lib/gcc/arm-none-eabi/12.3.1/thumb/v7-m/nofp\libc_nano.a(libc_a-writer.o)
                                                  d:/armgnu/12.3 rel1/bin/../lib/gcc/arm-none-eabi/12.3.1/thumb/v7-m/nofp\libc_nano.a(libc_a-readr.o)
                                                  d:/armgnu/12.3 rel1/bin/../lib/gcc/arm-none-eabi/12.3.1/thumb/v7-m/nofp\libc_nano.a(libc_a-lseekr.o)
                                                  d:/armgnu/12.3 rel1/bin/../lib/gcc/arm-none-eabi/12.3.1/thumb/v7-m/nofp\libc_nano.a(libc_a-closer.o)
exit                                              d:/armgnu/12.3 rel1/bin/../lib/gcc/arm-none-eabi/12.3.1/thumb/v7-m/nofp\libc_nano.a(libc_a-exit.o)
                                                  d:/armgnu/12.3 rel1/bin/../lib/gcc/arm-none-eabi/12.3.1/thumb/v7-m/nofp/crt0.o
fflush                                            d:/armgnu/12.3 rel1/bin/../lib/gcc/arm-none-eabi/12.3.1/thumb/v7-m/nofp\libc_nano.a(libc_a-fflush.o)
g_pfnVectors                                      build/startup_stm32f103x6.o
hardware_init_hook                                d:/armgnu/12.3 rel1/bin/../lib/gcc/arm-none-eabi/12.3.1/thumb/v7-m/nofp/crt0.o
htim2                                             build/main.o
                                                  build/stm32f1xx_it.o
main                                              build/main.o
                                                  build/startup_stm32f103x6.o
                                                  d:/armgnu/12.3 rel1/bin/../lib/gcc/arm-none-eabi/12.3.1/thumb/v7-m/nofp/crt0.o
memset                                            d:/armgnu/12.3 rel1/bin/../lib/gcc/arm-none-eabi/12.3.1/thumb/v7-m/nofp\libc_nano.a(libc_a-memset.o)
                                                  d:/armgnu/12.3 rel1/bin/../lib/gcc/arm-none-eabi/12.3.1/thumb/v7-m/nofp\libc_nano.a(libc_a-findfp.o)
                                                  build/main.o
                                                  d:/armgnu/12.3 rel1/bin/../lib/gcc/arm-none-eabi/12.3.1/thumb/v7-m/nofp/crt0.o
num0                                              build/7segmentLED.o
num1                                              build/7segmentLED.o
num2                                              build/7segmentLED.o
num3                                              build/7segmentLED.o
num4                                              build/7segmentLED.o
num5                                              build/7segmentLED.o
num6                                              build/7segmentLED.o
num7                                              build/7segmentLED.o
num8                                              build/7segmentLED.o
num9                                              build/7segmentLED.o
pFlash                                            build/stm32f1xx_hal_flash.o
                                                  build/stm32f1xx_hal_flash_ex.o
setTimer1                                         build/software_timer.o
                                                  build/main.o
software_init_hook                                d:/armgnu/12.3 rel1/bin/../lib/gcc/arm-none-eabi/12.3.1/thumb/v7-m/nofp/crt0.o
timer1_counter                                    build/software_timer.o
timer1_flag                                       build/software_timer.o
                                                  build/main.o
timerRun                                          build/software_timer.o
                                                  build/main.o
uwTick                                            build/stm32f1xx_hal.o
uwTickFreq                                        build/stm32f1xx_hal.o
uwTickPrio                                        build/stm32f1xx_hal.o
                                                  build/stm32f1xx_hal_rcc.o
